Component: ARM Compiler 5.06 update 7 (build 960) Tool: armlink [4d3601]

==============================================================================

Section Cross References

    system_stm32f10x.o(i.SetSysClock) refers to system_stm32f10x.o(i.SetSysClockTo72) for SetSysClockTo72
    system_stm32f10x.o(i.SystemCoreClockUpdate) refers to system_stm32f10x.o(.data) for SystemCoreClock
    system_stm32f10x.o(i.SystemInit) refers to system_stm32f10x.o(i.SetSysClock) for SetSysClock
    startup_stm32f10x_md.o(RESET) refers to startup_stm32f10x_md.o(STACK) for __initial_sp
    startup_stm32f10x_md.o(RESET) refers to startup_stm32f10x_md.o(.text) for Reset_Handler
    startup_stm32f10x_md.o(RESET) refers to stm32f10x_it.o(i.NMI_Handler) for NMI_Handler
    startup_stm32f10x_md.o(RESET) refers to stm32f10x_it.o(i.HardFault_Handler) for HardFault_Handler
    startup_stm32f10x_md.o(RESET) refers to stm32f10x_it.o(i.MemManage_Handler) for MemManage_Handler
    startup_stm32f10x_md.o(RESET) refers to stm32f10x_it.o(i.BusFault_Handler) for BusFault_Handler
    startup_stm32f10x_md.o(RESET) refers to stm32f10x_it.o(i.UsageFault_Handler) for UsageFault_Handler
    startup_stm32f10x_md.o(RESET) refers to stm32f10x_it.o(i.SVC_Handler) for SVC_Handler
    startup_stm32f10x_md.o(RESET) refers to stm32f10x_it.o(i.DebugMon_Handler) for DebugMon_Handler
    startup_stm32f10x_md.o(RESET) refers to stm32f10x_it.o(i.PendSV_Handler) for PendSV_Handler
    startup_stm32f10x_md.o(RESET) refers to stm32f10x_it.o(i.SysTick_Handler) for SysTick_Handler
    startup_stm32f10x_md.o(RESET) refers to stm32f10x_it.o(i.TIM3_IRQHandler) for TIM3_IRQHandler
    startup_stm32f10x_md.o(RESET) refers to usart.o(i.USART1_IRQHandler) for USART1_IRQHandler
    startup_stm32f10x_md.o(.text) refers to system_stm32f10x.o(i.SystemInit) for SystemInit
    startup_stm32f10x_md.o(.text) refers to entry.o(.ARM.Collect$$$$00000000) for __main
    stm32f10x_adc.o(i.ADC_DeInit) refers to stm32f10x_rcc.o(i.RCC_APB2PeriphResetCmd) for RCC_APB2PeriphResetCmd
    stm32f10x_bkp.o(i.BKP_DeInit) refers to stm32f10x_rcc.o(i.RCC_BackupResetCmd) for RCC_BackupResetCmd
    stm32f10x_can.o(i.CAN_DeInit) refers to stm32f10x_rcc.o(i.RCC_APB1PeriphResetCmd) for RCC_APB1PeriphResetCmd
    stm32f10x_can.o(i.CAN_GetITStatus) refers to stm32f10x_can.o(i.CheckITStatus) for CheckITStatus
    stm32f10x_cec.o(i.CEC_DeInit) refers to stm32f10x_rcc.o(i.RCC_APB1PeriphResetCmd) for RCC_APB1PeriphResetCmd
    stm32f10x_dac.o(i.DAC_DeInit) refers to stm32f10x_rcc.o(i.RCC_APB1PeriphResetCmd) for RCC_APB1PeriphResetCmd
    stm32f10x_flash.o(i.FLASH_EnableWriteProtection) refers to stm32f10x_flash.o(i.FLASH_WaitForLastOperation) for FLASH_WaitForLastOperation
    stm32f10x_flash.o(i.FLASH_EraseAllBank1Pages) refers to stm32f10x_flash.o(i.FLASH_WaitForLastBank1Operation) for FLASH_WaitForLastBank1Operation
    stm32f10x_flash.o(i.FLASH_EraseAllPages) refers to stm32f10x_flash.o(i.FLASH_WaitForLastOperation) for FLASH_WaitForLastOperation
    stm32f10x_flash.o(i.FLASH_EraseOptionBytes) refers to stm32f10x_flash.o(i.FLASH_GetReadOutProtectionStatus) for FLASH_GetReadOutProtectionStatus
    stm32f10x_flash.o(i.FLASH_EraseOptionBytes) refers to stm32f10x_flash.o(i.FLASH_WaitForLastOperation) for FLASH_WaitForLastOperation
    stm32f10x_flash.o(i.FLASH_ErasePage) refers to stm32f10x_flash.o(i.FLASH_WaitForLastOperation) for FLASH_WaitForLastOperation
    stm32f10x_flash.o(i.FLASH_ProgramHalfWord) refers to stm32f10x_flash.o(i.FLASH_WaitForLastOperation) for FLASH_WaitForLastOperation
    stm32f10x_flash.o(i.FLASH_ProgramOptionByteData) refers to stm32f10x_flash.o(i.FLASH_WaitForLastOperation) for FLASH_WaitForLastOperation
    stm32f10x_flash.o(i.FLASH_ProgramWord) refers to stm32f10x_flash.o(i.FLASH_WaitForLastOperation) for FLASH_WaitForLastOperation
    stm32f10x_flash.o(i.FLASH_ReadOutProtection) refers to stm32f10x_flash.o(i.FLASH_WaitForLastOperation) for FLASH_WaitForLastOperation
    stm32f10x_flash.o(i.FLASH_UserOptionByteConfig) refers to stm32f10x_flash.o(i.FLASH_WaitForLastOperation) for FLASH_WaitForLastOperation
    stm32f10x_flash.o(i.FLASH_WaitForLastBank1Operation) refers to stm32f10x_flash.o(i.FLASH_GetBank1Status) for FLASH_GetBank1Status
    stm32f10x_flash.o(i.FLASH_WaitForLastOperation) refers to stm32f10x_flash.o(i.FLASH_GetBank1Status) for FLASH_GetBank1Status
    stm32f10x_gpio.o(i.GPIO_AFIODeInit) refers to stm32f10x_rcc.o(i.RCC_APB2PeriphResetCmd) for RCC_APB2PeriphResetCmd
    stm32f10x_gpio.o(i.GPIO_DeInit) refers to stm32f10x_rcc.o(i.RCC_APB2PeriphResetCmd) for RCC_APB2PeriphResetCmd
    stm32f10x_i2c.o(i.I2C_DeInit) refers to stm32f10x_rcc.o(i.RCC_APB1PeriphResetCmd) for RCC_APB1PeriphResetCmd
    stm32f10x_i2c.o(i.I2C_Init) refers to stm32f10x_rcc.o(i.RCC_GetClocksFreq) for RCC_GetClocksFreq
    stm32f10x_pwr.o(i.PWR_DeInit) refers to stm32f10x_rcc.o(i.RCC_APB1PeriphResetCmd) for RCC_APB1PeriphResetCmd
[...]
    Removing stm32f10x_tim.o(i.TIM_OC1FastConfig), (18 bytes).
    Removing stm32f10x_tim.o(i.TIM_OC1NPolarityConfig), (18 bytes).
    Removing stm32f10x_tim.o(i.TIM_OC1PolarityConfig), (18 bytes).
    Removing stm32f10x_tim.o(i.TIM_OC2FastConfig), (26 bytes).
    Removing stm32f10x_tim.o(i.TIM_OC2NPolarityConfig), (26 bytes).
    Removing stm32f10x_tim.o(i.TIM_OC2PolarityConfig), (26 bytes).
    Removing stm32f10x_tim.o(i.TIM_OC3FastConfig), (18 bytes).
    Removing stm32f10x_tim.o(i.TIM_OC3NPolarityConfig), (26 bytes).
    Removing stm32f10x_tim.o(i.TIM_OC3PolarityConfig), (26 bytes).
    Removing stm32f10x_tim.o(i.TIM_OC4FastConfig), (26 bytes).
    Removing stm32f10x_tim.o(i.TIM_OC4Init), (124 bytes).
    Removing stm32f10x_tim.o(i.TIM_OC4PolarityConfig), (26 bytes).
    Removing stm32f10x_tim.o(i.TIM_OC4PreloadConfig), (26 bytes).
    Removing stm32f10x_tim.o(i.TIM_OCStructInit), (20 bytes).
    Removing stm32f10x_tim.o(i.TIM_PWMIConfig), (124 bytes).
    Removing stm32f10x_tim.o(i.TIM_PrescalerConfig), (6 bytes).
    Removing stm32f10x_tim.o(i.TIM_SelectCCDMA), (24 bytes).
    Removing stm32f10x_tim.o(i.TIM_SelectCOM), (24 bytes).
    Removing stm32f10x_tim.o(i.TIM_SelectHallSensor), (24 bytes).
    Removing stm32f10x_tim.o(i.TIM_SelectInputTrigger), (18 bytes).
    Removing stm32f10x_tim.o(i.TIM_SelectMasterSlaveMode), (18 bytes).
    Removing stm32f10x_tim.o(i.TIM_SelectOCxM), (82 bytes).
    Removing stm32f10x_tim.o(i.TIM_SelectOnePulseMode), (18 bytes).
    Removing stm32f10x_tim.o(i.TIM_SelectOutputTrigger), (18 bytes).
    Removing stm32f10x_tim.o(i.TIM_SelectSlaveMode), (18 bytes).
    Removing stm32f10x_tim.o(i.TIM_SetAutoreload), (4 bytes).
    Removing stm32f10x_tim.o(i.TIM_SetClockDivision), (18 bytes).
    Removing stm32f10x_tim.o(i.TIM_SetCompare4), (6 bytes).
    Removing stm32f10x_tim.o(i.TIM_SetCounter), (4 bytes).
    Removing stm32f10x_tim.o(i.TIM_SetIC1Prescaler), (18 bytes).
    Removing stm32f10x_tim.o(i.TIM_SetIC2Prescaler), (26 bytes).
    Removing stm32f10x_tim.o(i.TIM_SetIC3Prescaler), (18 bytes).
    Removing stm32f10x_tim.o(i.TIM_SetIC4Prescaler), (26 bytes).
    Removing stm32f10x_tim.o(i.TIM_TIxExternalClockConfig), (62 bytes).
    Removing stm32f10x_tim.o(i.TIM_TimeBaseStructInit), (18 bytes).
    Removing stm32f10x_tim.o(i.TIM_UpdateDisableConfig), (24 bytes).
    Removing stm32f10x_tim.o(i.TIM_UpdateRequestConfig), (24 bytes).
    Removing stm32f10x_usart.o(i.USART_ClearFlag), (18 bytes).
    Removing stm32f10x_usart.o(i.USART_ClearITPendingBit), (30 bytes).
    Removing stm32f10x_usart.o(i.USART_ClockInit), (34 bytes).
    Removing stm32f10x_usart.o(i.USART_ClockStructInit), (12 bytes).
    Removing stm32f10x_usart.o(i.USART_DMACmd), (18 bytes).
    Removing stm32f10x_usart.o(i.USART_DeInit), (156 bytes).
    Removing stm32f10x_usart.o(i.USART_GetFlagStatus), (26 bytes).
    Removing stm32f10x_usart.o(i.USART_HalfDuplexCmd), (24 bytes).
    Removing stm32f10x_usart.o(i.USART_IrDACmd), (24 bytes).
    Removing stm32f10x_usart.o(i.USART_IrDAConfig), (18 bytes).
    Removing stm32f10x_usart.o(i.USART_LINBreakDetectLengthConfig), (18 bytes).
    Removing stm32f10x_usart.o(i.USART_LINCmd), (24 bytes).
    Removing stm32f10x_usart.o(i.USART_OneBitMethodCmd), (24 bytes).
    Removing stm32f10x_usart.o(i.USART_OverSampling8Cmd), (22 bytes).
    Removing stm32f10x_usart.o(i.USART_ReceiverWakeUpCmd), (24 bytes).
    Removing stm32f10x_usart.o(i.USART_SendBreak), (10 bytes).
    Removing stm32f10x_usart.o(i.USART_SendData), (8 bytes).
    Removing stm32f10x_usart.o(i.USART_SetAddress), (18 bytes).
    Removing stm32f10x_usart.o(i.USART_SetGuardTime), (16 bytes).
    Removing stm32f10x_usart.o(i.USART_SetPrescaler), (16 bytes).
    Removing stm32f10x_usart.o(i.USART_SmartCardCmd), (24 bytes).
    Removing stm32f10x_usart.o(i.USART_SmartCardNACKCmd), (24 bytes).
    Removing stm32f10x_usart.o(i.USART_StructInit), (24 bytes).
    Removing stm32f10x_usart.o(i.USART_WakeUpConfig), (18 bytes).
    Removing stm32f10x_wwdg.o(i.WWDG_ClearFlag), (12 bytes).
    Removing stm32f10x_wwdg.o(i.WWDG_DeInit), (22 bytes).
    Removing stm32f10x_wwdg.o(i.WWDG_Enable), (16 bytes).
    Removing stm32f10x_wwdg.o(i.WWDG_EnableIT), (12 bytes).
    Removing stm32f10x_wwdg.o(i.WWDG_GetFlagStatus), (12 bytes).
    Removing stm32f10x_wwdg.o(i.WWDG_SetCounter), (16 bytes).
    Removing stm32f10x_wwdg.o(i.WWDG_SetPrescaler), (24 bytes).
    Removing stm32f10x_wwdg.o(i.WWDG_SetWindowValue), (40 bytes).
    Removing delay.o(i.delay_us), (54 bytes).
    Removing usart.o(i._sys_exit), (6 bytes).
    Removing spi2.o(i.SPI2_Init_), (172 bytes).
    Removing foc_utils.o(i._cos), (108 bytes).
    Removing magneticsensor.o(i.ReadTLE5012B_1), (116 bytes).
    Removing magneticsensor.o(i.SPIx_ReadWriteByte), (84 bytes).

447 unused section(s) (total 20066 bytes) removed from the image.

==============================================================================

Image Symbol Table

    Local Symbols

    Symbol Name                              Value     Ov Type        Size  Object(Section)

    ../clib/microlib/ctype/ctype.c           0x00000000   Number         0  ctype_c.o ABSOLUTE
    ../clib/microlib/ctype/ctype.c           0x00000000   Number         0  isspace_c.o ABSOLUTE
    ../clib/microlib/division.c              0x00000000   Number         0  uldiv.o ABSOLUTE
    ../clib/microlib/division.c              0x00000000   Number         0  uidiv.o ABSOLUTE
    ../clib/microlib/errno.c                 0x00000000   Number         0  errno.o ABSOLUTE
    ../clib/microlib/init/entry.s            0x00000000   Number         0  entry11a.o ABSOLUTE
    ../clib/microlib/init/entry.s            0x00000000   Number         0  entry12a.o ABSOLUTE
    ../clib/microlib/init/entry.s            0x00000000   Number         0  entry12b.o ABSOLUTE
    ../clib/microlib/init/entry.s            0x00000000   Number         0  entry11b.o ABSOLUTE
    ../clib/microlib/init/entry.s            0x00000000   Number         0  entry9b.o ABSOLUTE
    ../clib/microlib/init/entry.s            0x00000000   Number         0  entry2.o ABSOLUTE
    ../clib/microlib/init/entry.s            0x00000000   Number         0  entry5.o ABSOLUTE
    ../clib/microlib/init/entry.s            0x00000000   Number         0  entry7a.o ABSOLUTE
    ../clib/microlib/init/entry.s            0x00000000   Number         0  entry7b.o ABSOLUTE
    ../clib/microlib/init/entry.s            0x00000000   Number         0  entry8a.o ABSOLUTE
    ../clib/microlib/init/entry.s            0x00000000   Number         0  entry9a.o ABSOLUTE
    ../clib/microlib/init/entry.s            0x00000000   Number         0  entry10a.o ABSOLUTE
    ../clib/microlib/init/entry.s            0x00000000   Number         0  entry10b.o ABSOLUTE
    ../clib/microlib/init/entry.s            0x00000000   Number         0  entry8b.o ABSOLUTE
    ../clib/microlib/init/entry.s            0x00000000   Number         0  entry.o ABSOLUTE
    ../clib/microlib/longlong.c              0x00000000   Number         0  llushr.o ABSOLUTE
    ../clib/microlib/longlong.c              0x00000000   Number         0  llsshr.o ABSOLUTE
    ../clib/microlib/longlong.c              0x00000000   Number         0  llshl.o ABSOLUTE
    ../clib/microlib/printf/printf.c         0x00000000   Number         0  printf0.o ABSOLUTE
    ../clib/microlib/printf/printf.c         0x00000000   Number         0  printf8.o ABSOLUTE
    ../clib/microlib/printf/printf.c         0x00000000   Number         0  printfa.o ABSOLUTE
    ../clib/microlib/printf/printf.c         0x00000000   Number         0  printf1.o ABSOLUTE
    ../clib/microlib/printf/printf.c         0x00000000   Number         0  printf4.o ABSOLUTE
    ../clib/microlib/printf/printf.c         0x00000000   Number         0  printf3.o ABSOLUTE
    ../clib/microlib/printf/printf.c         0x00000000   Number         0  printf2.o ABSOLUTE
    ../clib/microlib/printf/printf.c         0x00000000   Number         0  printf6.o ABSOLUTE
    ../clib/microlib/printf/printf.c         0x00000000   Number         0  printf7.o ABSOLUTE
    ../clib/microlib/printf/printf.c         0x00000000   Number         0  printf5.o ABSOLUTE
    ../clib/microlib/printf/printf.c         0x00000000   Number         0  printfb.o ABSOLUTE
    ../clib/microlib/printf/stubs.s          0x00000000   Number         0  stubs.o ABSOLUTE
    ../clib/microlib/stubs.s                 0x00000000   Number         0  iusefp.o ABSOLUTE
    ../clib/microlib/stubs.s                 0x00000000   Number         0  useno.o ABSOLUTE
    ../clib/scanf.c                          0x00000000   Number         0  scanf_fp.o ABSOLUTE
    ../clib/scanf.c                          0x00000000   Number         0  strtod.o ABSOLUTE
    ../clib/scanf.c                          0x00000000   Number         0  _sgetc.o ABSOLUTE
    ../fplib/microlib/d2f.c                  0x00000000   Number         0  d2f.o ABSOLUTE
    ../fplib/microlib/f2d.c                  0x00000000   Number         0  f2d.o ABSOLUTE
    ../fplib/microlib/fpadd.c                0x00000000   Number         0  dadd.o ABSOLUTE
    ../fplib/microlib/fpadd.c                0x00000000   Number         0  fadd.o ABSOLUTE
    ../fplib/microlib/fpdiv.c                0x00000000   Number         0  fdiv.o ABSOLUTE
    ../fplib/microlib/fpdiv.c                0x00000000   Number         0  ddiv.o ABSOLUTE
    ../fplib/microlib/fpepilogue.c           0x00000000   Number         0  depilogue.o ABSOLUTE
    ../fplib/microlib/fpepilogue.c           0x00000000   Number         0  fepilogue.o ABSOLUTE
    ../fplib/microlib/fpfix.c                0x00000000   Number         0  dfixi.o ABSOLUTE
    ../fplib/microlib/fpfix.c                0x00000000   Number         0  ffixui.o ABSOLUTE
    ../fplib/microlib/fpfix.c                0x00000000   Number         0  dfixul.o ABSOLUTE
    ../fplib/microlib/fpfix.c                0x00000000   Number         0  ffixi.o ABSOLUTE
    ../fplib/microlib/fpfix.c                0x00000000   Number         0  dfixui.o ABSOLUTE
    ../fplib/microlib/fpflt.c                0x00000000   Number         0  fflti.o ABSOLUTE
    ../fplib/microlib/fpflt.c                0x00000000   Number         0  ffltui.o ABSOLUTE
    ../fplib/microlib/fpflt.c                0x00000000   Number         0  dflti.o ABSOLUTE
    ../fplib/microlib/fpflt.c                0x00000000   Number         0  dfltul.o ABSOLUTE
    ../fplib/microlib/fpflt.c                0x00000000   Number         0  dfltui.o ABSOLUTE
    ../fplib/microlib/fpmul.c                0x00000000   Number         0  dmul.o ABSOLUTE
    ../fplib/microlib/fpmul.c                0x00000000   Number         0  fmul.o ABSOLUTE
    ../fplib/microlib/fprem.c                0x00000000   Number         0  drem.o ABSOLUTE
    ../fplib/microlib/fpscalb.c              0x00000000   Number         0  dscalb.o ABSOLUTE
    ../mathlib/atan.c                        0x00000000   Number         0  atan.o ABSOLUTE
    ../mathlib/atan.c                        0x00000000   Number         0  atan_x.o ABSOLUTE
    ../mathlib/atan2.c                       0x00000000   Number         0  atan2.o ABSOLUTE
    ../mathlib/atan2.c                       0x00000000   Number         0  atan2_x.o ABSOLUTE
    ../mathlib/atof.c                        0x00000000   Number         0  atof.o ABSOLUTE
    ../mathlib/dunder.c                      0x00000000   Number         0  dunder.o ABSOLUTE
    ../mathlib/fmod.c                        0x00000000   Number         0  fmod_x.o ABSOLUTE
    ../mathlib/fmod.c                        0x00000000   Number         0  fmod.o ABSOLUTE
    ../mathlib/fpclassify.c                  0x00000000   Number         0  fpclassify.o ABSOLUTE
    ../mathlib/poly.c                        0x00000000   Number         0  poly.o ABSOLUTE
    ../mathlib/qnan.c                        0x00000000   Number         0  qnan.o ABSOLUTE
    Hardware\delay.c                         0x00000000   Number         0  delay.o ABSOLUTE
    Hardware\iic.c                           0x00000000   Number         0  iic.o ABSOLUTE
    Hardware\spi2.c                          0x00000000   Number         0  spi2.o ABSOLUTE
    Hardware\timer.c                         0x00000000   Number         0  timer.o ABSOLUTE
    Hardware\usart.c                         0x00000000   Number         0  usart.o ABSOLUTE
    SimpleFOC\BLDCMotor.c                    0x00000000   Number         0  bldcmotor.o ABSOLUTE
    SimpleFOC\FOCMotor.c                     0x00000000   Number         0  focmotor.o ABSOLUTE
    SimpleFOC\MagneticSensor.c               0x00000000   Number         0  magneticsensor.o ABSOLUTE
    SimpleFOC\PID.c                          0x00000000   Number         0  pid.o ABSOLUTE
    SimpleFOC\foc_utils.c                    0x00000000   Number         0  foc_utils.o ABSOLUTE
    SimpleFOC\lowpass_filter.c               0x00000000   Number         0  lowpass_filter.o ABSOLUTE
    cdcmple.s                                0x00000000   Number         0  cdcmple.o ABSOLUTE
    cdrcmple.s                               0x00000000   Number         0  cdrcmple.o ABSOLUTE
    cfcmple.s                                0x00000000   Number         0  cfcmple.o ABSOLUTE
    cfrcmple.s                               0x00000000   Number         0  cfrcmple.o ABSOLUTE
    dc.s                                     0x00000000   Number         0  dc.o ABSOLUTE
    handlers.s                               0x00000000   Number         0  handlers.o ABSOLUTE
    init.s                                   0x00000000   Number         0  init.o ABSOLUTE
    lib\src\misc.c                           0x00000000   Number         0  misc.o ABSOLUTE
    lib\src\stm32f10x_adc.c                  0x00000000   Number         0  stm32f10x_adc.o ABSOLUTE
    lib\src\stm32f10x_bkp.c                  0x00000000   Number         0  stm32f10x_bkp.o ABSOLUTE
    lib\src\stm32f10x_can.c                  0x00000000   Number         0  stm32f10x_can.o ABSOLUTE
    lib\src\stm32f10x_cec.c                  0x00000000   Number         0  stm32f10x_cec.o ABSOLUTE
    lib\src\stm32f10x_crc.c                  0x00000000   Number         0  stm32f10x_crc.o ABSOLUTE
    lib\src\stm32f10x_dac.c                  0x00000000   Number         0  stm32f10x_dac.o ABSOLUTE
    lib\src\stm32f10x_dbgmcu.c               0x00000000   Number         0  stm32f10x_dbgmcu.o ABSOLUTE
    lib\src\stm32f10x_dma.c                  0x00000000   Number         0  stm32f10x_dma.o ABSOLUTE
    lib\src\stm32f10x_exti.c                 0x00000000   Number         0  stm32f10x_exti.o ABSOLUTE
    lib\src\stm32f10x_flash.c                0x00000000   Number         0  stm32f10x_flash.o ABSOLUTE
    lib\src\stm32f10x_fsmc.c                 0x00000000   Number         0  stm32f10x_fsmc.o ABSOLUTE
    lib\src\stm32f10x_gpio.c                 0x00000000   Number         0  stm32f10x_gpio.o ABSOLUTE
    lib\src\stm32f10x_i2c.c                  0x00000000   Number         0  stm32f10x_i2c.o ABSOLUTE
    lib\src\stm32f10x_iwdg.c                 0x00000000   Number         0  stm32f10x_iwdg.o ABSOLUTE
    lib\src\stm32f10x_pwr.c                  0x00000000   Number         0  stm32f10x_pwr.o ABSOLUTE
    lib\src\stm32f10x_rcc.c                  0x00000000   Number         0  stm32f10x_rcc.o ABSOLUTE
    lib\src\stm32f10x_rtc.c                  0x00000000   Number         0  stm32f10x_rtc.o ABSOLUTE
    lib\src\stm32f10x_sdio.c                 0x00000000   Number         0  stm32f10x_sdio.o ABSOLUTE
    lib\src\stm32f10x_spi.c                  0x00000000   Number         0  stm32f10x_spi.o ABSOLUTE
    lib\src\stm32f10x_tim.c                  0x00000000   Number         0  stm32f10x_tim.o ABSOLUTE
    lib\src\stm32f10x_usart.c                0x00000000   Number         0  stm32f10x_usart.o ABSOLUTE
    lib\src\stm32f10x_wwdg.c                 0x00000000   Number         0  stm32f10x_wwdg.o ABSOLUTE
    startup\\core_cm3.c                      0x00000000   Number         0  core_cm3.o ABSOLUTE
    startup\core_cm3.c                       0x00000000   Number         0  core_cm3.o ABSOLUTE
    startup\startup_stm32f10x_md.s           0x00000000   Number         0  startup_stm32f10x_md.o ABSOLUTE
    startup\system_stm32f10x.c               0x00000000   Number         0  system_stm32f10x.o ABSOLUTE
    user\main.c                              0x00000000   Number         0  main.o ABSOLUTE
    user\stm32f10x_it.c                      0x00000000   Number         0  stm32f10x_it.o ABSOLUTE
    RESET                                    0x08000000   Section      236  startup_stm32f10x_md.o(RESET)
    .ARM.Collect$$$$00000000                 0x080000ec   Section        0  entry.o(.ARM.Collect$$$$00000000)
    .ARM.Collect$$$$00000001                 0x080000ec   Section        4  entry2.o(.ARM.Collect$$$$00000001)
    .ARM.Collect$$$$00000004                 0x080000f0   Section        4  entry5.o(.ARM.Collect$$$$00000004)
    .ARM.Collect$$$$00000008                 0x080000f4   Section        0  entry7b.o(.ARM.Collect$$$$00000008)
    .ARM.Collect$$$$0000000A                 0x080000f4   Section        0  entry8b.o(.ARM.Collect$$$$0000000A)
    .ARM.Collect$$$$0000000B                 0x080000f4   Section        8  entry9a.o(.ARM.Collect$$$$0000000B)
    .ARM.Collect$$$$0000000E                 0x080000fc   Section        4  entry12b.o(.ARM.Collect$$$$0000000E)
    .ARM.Collect$$$$0000000F                 0x08000100   Section        0  entry10a.o(.ARM.Collect$$$$0000000F)
    .ARM.Collect$$$$00000011                 0x08000100   Section        0  entry11a.o(.ARM.Collect$$$$00000011)
    .ARM.Collect$$$$00002712                 0x08000100   Section        4  entry2.o(.ARM.Collect$$$$00002712)
    __lit__00000000                          0x08000100   Data           4  entry2.o(.ARM.Collect$$$$00002712)
    .text                                    0x08000104   Section       36  startup_stm32f10x_md.o(.text)
    .text                                    0x08000128   Section        0  fadd.o(.text)
    .text                                    0x080001d8   Section        0  fmul.o(.text)
    .text                                    0x0800023c   Section        0  fdiv.o(.text)
    .text                                    0x080002b8   Section        0  dadd.o(.text)
    .text                                    0x08000406   Section        0  dmul.o(.text)
    .text                                    0x080004ea   Section        0  ddiv.o(.text)
    .text                                    0x080005c8   Section        0  fflti.o(.text)
    .text                                    0x080005da   Section        0  ffltui.o(.text)
    .text                                    0x080005e4   Section        0  dflti.o(.text)
    .text                                    0x08000606   Section        0  dfltui.o(.text)
    .text                                    0x08000620   Section        0  ffixi.o(.text)
    .text                                    0x08000652   Section        0  ffixui.o(.text)
    .text                                    0x0800067a   Section        0  dfixi.o(.text)
    .text                                    0x080006b8   Section        0  dfixui.o(.text)
    .text                                    0x080006ea   Section        0  f2d.o(.text)
    .text                                    0x08000710   Section       48  cdcmple.o(.text)
    .text                                    0x08000740   Section       48  cdrcmple.o(.text)
    .text                                    0x08000770   Section        0  d2f.o(.text)
    .text                                    0x080007a8   Section       20  cfcmple.o(.text)
    .text                                    0x080007bc   Section       20  cfrcmple.o(.text)
    .text                                    0x080007d0   Section        0  uidiv.o(.text)
    .text                                    0x080007fc   Section        0  uldiv.o(.text)
    .text                                    0x0800085e   Section        0  llshl.o(.text)
    .text                                    0x0800087c   Section        0  llushr.o(.text)
    .text                                    0x0800089c   Section        0  llsshr.o(.text)
    .text                                    0x080008c0   Section        0  strtod.o(.text)
    _local_sscanf                            0x080008c1   Thumb Code    54  strtod.o(.text)
    .text                                    0x0800095c   Section        0  iusefp.o(.text)
    .text                                    0x0800095c   Section        0  fepilogue.o(.text)
    .text                                    0x080009ca   Section        0  depilogue.o(.text)
    .text                                    0x08000a84   Section        0  drem.o(.text)
    .text                                    0x08000b0a   Section        0  dfixul.o(.text)
    .text                                    0x08000b3c   Section       36  init.o(.text)
    .text                                    0x08000b60   Section        0  isspace_c.o(.text)
    .text                                    0x08000b6c   Section        0  scanf_fp.o(.text)
    _fp_value                                0x08000b6d   Thumb Code   296  scanf_fp.o(.text)
    .text                                    0x08000ecc   Section        0  _sgetc.o(.text)
    .text                                    0x08000f0c   Section        0  dscalb.o(.text)
    .text                                    0x08000f3c   Section        0  ctype_c.o(.text)
    .text                                    0x08000f64   Section        0  dfltul.o(.text)
    i.BusFault_Handler                       0x08000f7c   Section        0  stm32f10x_it.o(i.BusFault_Handler)
    i.DebugMon_Handler                       0x08000f80   Section        0  stm32f10x_it.o(i.DebugMon_Handler)
    i.GPIO_Config                            0x08000f84   Section        0  main.o(i.GPIO_Config)
    i.GPIO_Init                              0x08000ff0   Section        0  stm32f10x_gpio.o(i.GPIO_Init)
    i.GPIO_PinRemapConfig                    0x08001108   Section        0  stm32f10x_gpio.o(i.GPIO_PinRemapConfig)
    i.GPIO_ResetBits                         0x08001198   Section        0  stm32f10x_gpio.o(i.GPIO_ResetBits)
    i.GPIO_SetBits                           0x0800119c   Section        0  stm32f10x_gpio.o(i.GPIO_SetBits)
    i.HardFault_Handler                      0x080011a0   Section        0  stm32f10x_it.o(i.HardFault_Handler)
    i.I2C_Cmd                                0x080011a4   Section        0  stm32f10x_i2c.o(i.I2C_Cmd)
    i.I2C_DeInit                             0x080011bc   Section        0  stm32f10x_i2c.o(i.I2C_DeInit)
    i.I2C_GenerateSTOP                       0x080011f4   Section        0  stm32f10x_i2c.o(i.I2C_GenerateSTOP)
    i.I2C_Init                               0x0800120c   Section        0  stm32f10x_i2c.o(i.I2C_Init)
    i.I2C_Init_                              0x080012f8   Section        0  iic.o(i.I2C_Init_)
    i.I2C_getRawCount                        0x08001374   Section        0  magneticsensor.o(i.I2C_getRawCount)
    i.LPF_velocity                           0x08001474   Section        0  lowpass_filter.o(i.LPF_velocity)
    i.MagneticSensor_Init                    0x080014d4   Section        0  magneticsensor.o(i.MagneticSensor_Init)
    i.MemManage_Handler                      0x08001508   Section        0  stm32f10x_it.o(i.MemManage_Handler)
    i.Motor_init                             0x0800150c   Section        0  bldcmotor.o(i.Motor_init)
    i.Motor_initFOC                          0x08001580   Section        0  bldcmotor.o(i.Motor_initFOC)
    i.NMI_Handler                            0x080015d8   Section        0  stm32f10x_it.o(i.NMI_Handler)
    i.NVIC_Init                              0x080015dc   Section        0  misc.o(i.NVIC_Init)
    i.PID_angle                              0x0800164c   Section        0  pid.o(i.PID_angle)
    i.PID_init                               0x0800175c   Section        0  pid.o(i.PID_init)
    i.PID_velocity                           0x080017e4   Section        0  pid.o(i.PID_velocity)
    i.PendSV_Handler                         0x080019e0   Section        0  stm32f10x_it.o(i.PendSV_Handler)
    i.RCC_APB1PeriphClockCmd                 0x080019e4   Section        0  stm32f10x_rcc.o(i.RCC_APB1PeriphClockCmd)
    i.RCC_APB1PeriphResetCmd                 0x08001a04   Section        0  stm32f10x_rcc.o(i.RCC_APB1PeriphResetCmd)
    i.RCC_APB2PeriphClockCmd                 0x08001a24   Section        0  stm32f10x_rcc.o(i.RCC_APB2PeriphClockCmd)
    i.RCC_APB2PeriphResetCmd                 0x08001a44   Section        0  stm32f10x_rcc.o(i.RCC_APB2PeriphResetCmd)
    i.RCC_GetClocksFreq                      0x08001a64   Section        0  stm32f10x_rcc.o(i.RCC_GetClocksFreq)
    i.SVC_Handler                            0x08001b38   Section        0  stm32f10x_it.o(i.SVC_Handler)
    i.SetSysClock                            0x08001b3a   Section        0  system_stm32f10x.o(i.SetSysClock)
    SetSysClock                              0x08001b3b   Thumb Code     8  system_stm32f10x.o(i.SetSysClock)
    i.SetSysClockTo72                        0x08001b44   Section        0  system_stm32f10x.o(i.SetSysClockTo72)
    SetSysClockTo72                          0x08001b45   Thumb Code   214  system_stm32f10x.o(i.SetSysClockTo72)
    i.SysTick_Handler                        0x08001c24   Section        0  stm32f10x_it.o(i.SysTick_Handler)
    i.SystemInit                             0x08001c28   Section        0  system_stm32f10x.o(i.SystemInit)
    i.TIM2_PWM_Init                          0x08001c88   Section        0  timer.o(i.TIM2_PWM_Init)
    i.TIM3_1ms_Init                          0x08001d48   Section        0  timer.o(i.TIM3_1ms_Init)
    i.TIM3_IRQHandler                        0x08001d9c   Section        0  stm32f10x_it.o(i.TIM3_IRQHandler)
    i.TIM_ARRPreloadConfig                   0x08001dd4   Section        0  stm32f10x_tim.o(i.TIM_ARRPreloadConfig)
    i.TIM_ClearITPendingBit                  0x08001dec   Section        0  stm32f10x_tim.o(i.TIM_ClearITPendingBit)
    i.TIM_Cmd                                0x08001df2   Section        0  stm32f10x_tim.o(i.TIM_Cmd)
    i.TIM_DeInit                             0x08001e0c   Section        0  stm32f10x_tim.o(i.TIM_DeInit)
    i.TIM_GetITStatus                        0x08001ff4   Section        0  stm32f10x_tim.o(i.TIM_GetITStatus)
    i.TIM_ITConfig                           0x08002016   Section        0  stm32f10x_tim.o(i.TIM_ITConfig)
    i.TIM_OC1Init                            0x08002028   Section        0  stm32f10x_tim.o(i.TIM_OC1Init)
    i.TIM_OC1PreloadConfig                   0x080020c0   Section        0  stm32f10x_tim.o(i.TIM_OC1PreloadConfig)
    i.TIM_OC2Init                            0x080020d4   Section        0  stm32f10x_tim.o(i.TIM_OC2Init)
    i.TIM_OC2PreloadConfig                   0x08002178   Section        0  stm32f10x_tim.o(i.TIM_OC2PreloadConfig)
    i.TIM_OC3Init                            0x08002194   Section        0  stm32f10x_tim.o(i.TIM_OC3Init)
    i.TIM_OC3PreloadConfig                   0x08002234   Section        0  stm32f10x_tim.o(i.TIM_OC3PreloadConfig)
    i.TIM_SetCompare1                        0x08002246   Section        0  stm32f10x_tim.o(i.TIM_SetCompare1)
    i.TIM_SetCompare2                        0x0800224a   Section        0  stm32f10x_tim.o(i.TIM_SetCompare2)
    i.TIM_SetCompare3                        0x0800224e   Section        0  stm32f10x_tim.o(i.TIM_SetCompare3)
    i.TIM_TimeBaseInit                       0x08002254   Section        0  stm32f10x_tim.o(i.TIM_TimeBaseInit)
    i.USART1_IRQHandler                      0x080022f8   Section        0  usart.o(i.USART1_IRQHandler)
    i.USART_Cmd                              0x0800238c   Section        0  stm32f10x_usart.o(i.USART_Cmd)
    i.USART_GetITStatus                      0x080023a4   Section        0  stm32f10x_usart.o(i.USART_GetITStatus)
    i.USART_ITConfig                         0x080023f8   Section        0  stm32f10x_usart.o(i.USART_ITConfig)
    i.USART_Init                             0x08002444   Section        0  stm32f10x_usart.o(i.USART_Init)
    i.USART_ReceiveData                      0x0800251c   Section        0  stm32f10x_usart.o(i.USART_ReceiveData)
    i.UsageFault_Handler                     0x08002526   Section        0  stm32f10x_it.o(i.UsageFault_Handler)
    i.__0printf                              0x0800252c   Section        0  printfa.o(i.__0printf)
    i.__ARM_fpclassify                       0x0800254c   Section        0  fpclassify.o(i.__ARM_fpclassify)
    i.__kernel_poly                          0x08002574   Section        0  poly.o(i.__kernel_poly)
    i.__mathlib_dbl_infnan                   0x0800261e   Section        0  dunder.o(i.__mathlib_dbl_infnan)
    i.__mathlib_dbl_infnan2                  0x08002624   Section        0  dunder.o(i.__mathlib_dbl_infnan2)
    i.__mathlib_dbl_invalid                  0x08002628   Section        0  dunder.o(i.__mathlib_dbl_invalid)
    i.__mathlib_dbl_underflow                0x08002634   Section        0  dunder.o(i.__mathlib_dbl_underflow)
    i.__read_errno                           0x08002644   Section        0  errno.o(i.__read_errno)
    i.__scatterload_copy                     0x08002650   Section       14  handlers.o(i.__scatterload_copy)
    i.__scatterload_null                     0x0800265e   Section        2  handlers.o(i.__scatterload_null)
    i.__scatterload_zeroinit                 0x08002660   Section       14  handlers.o(i.__scatterload_zeroinit)
    i.__set_errno                            0x08002670   Section        0  errno.o(i.__set_errno)
    i._electricalAngle                       0x0800267c   Section        0  foc_utils.o(i._electricalAngle)
    i._fp_digits                             0x08002694   Section        0  printfa.o(i._fp_digits)
    _fp_digits                               0x08002695   Thumb Code   366  printfa.o(i._fp_digits)
    i._is_digit                              0x08002818   Section        0  scanf_fp.o(i._is_digit)
    i._normalizeAngle                        0x08002828   Section        0  foc_utils.o(i._normalizeAngle)
    i._printf_core                           0x0800287c   Section        0  printfa.o(i._printf_core)
    _printf_core                             0x0800287d   Thumb Code  1704  printfa.o(i._printf_core)
    i._printf_post_padding                   0x08002f30   Section        0  printfa.o(i._printf_post_padding)
    _printf_post_padding                     0x08002f31   Thumb Code    36  printfa.o(i._printf_post_padding)
    i._printf_pre_padding                    0x08002f54   Section        0  printfa.o(i._printf_pre_padding)
    _printf_pre_padding                      0x08002f55   Thumb Code    46  printfa.o(i._printf_pre_padding)
    i._sin                                   0x08002f84   Section        0  foc_utils.o(i._sin)
    i._sqrtApprox                            0x0800321c   Section        0  foc_utils.o(i._sqrtApprox)
    i.alignSensor                            0x0800323c   Section        0  bldcmotor.o(i.alignSensor)
    i.angleOpenloop                          0x0800357c   Section        0  bldcmotor.o(i.angleOpenloop)
    i.atan                                   0x080036f4   Section        0  atan.o(i.atan)
    i.atan2                                  0x08003914   Section        0  atan2.o(i.atan2)
    i.atof                                   0x08003ab0   Section        0  atof.o(i.atof)
    i.commander_run                          0x08003adc   Section        0  main.o(i.commander_run)
    i.delay_ms                               0x08003b94   Section        0  delay.o(i.delay_ms)
    i.electricalAngle                        0x08003bdc   Section        0  focmotor.o(i.electricalAngle)
    i.fmod                                   0x08003c24   Section        0  fmod.o(i.fmod)
    i.fputc                                  0x08003cb8   Section        0  usart.o(i.fputc)
    i.getAngle                               0x08003cd4   Section        0  magneticsensor.o(i.getAngle)
    i.getVelocity                            0x08003dd0   Section        0  magneticsensor.o(i.getVelocity)
    i.loopFOC                                0x08003ea0   Section        0  bldcmotor.o(i.loopFOC)
    i.main                                   0x08003f30   Section        0  main.o(i.main)
    i.move                                   0x08004030   Section        0  bldcmotor.o(i.move)
    i.setPhaseVoltage                        0x08004120   Section        0  bldcmotor.o(i.setPhaseVoltage)
    i.shaftAngle                             0x0800454c   Section        0  focmotor.o(i.shaftAngle)
    i.shaftVelocity                          0x0800457c   Section        0  focmotor.o(i.shaftVelocity)
    i.systick_CountMode                      0x080045a0   Section        0  delay.o(i.systick_CountMode)
    i.uart_init                              0x080045b8   Section        0  usart.o(i.uart_init)
    i.velocityOpenloop                       0x08004658   Section        0  bldcmotor.o(i.velocityOpenloop)
    .constdata                               0x08004750   Section      800  foc_utils.o(.constdata)
    .constdata                               0x08004a70   Section      152  atan.o(.constdata)
    atanhi                                   0x08004a70   Data          32  atan.o(.constdata)
    atanlo                                   0x08004a90   Data          32  atan.o(.constdata)
    aTodd                                    0x08004ab0   Data          40  atan.o(.constdata)
    aTeven                                   0x08004ad8   Data          48  atan.o(.constdata)
    .constdata                               0x08004b08   Section        8  qnan.o(.constdata)
    .constdata                               0x08004b10   Section       64  ctype_c.o(.constdata)
    .data                                    0x20000000   Section       20  stm32f10x_rcc.o(.data)
    APBAHBPrescTable                         0x20000000   Data          16  stm32f10x_rcc.o(.data)
    ADCPrescTable                            0x20000010   Data           4  stm32f10x_rcc.o(.data)
    .data                                    0x20000014   Section        6  usart.o(.data)
    .data                                    0x2000001c   Section       52  focmotor.o(.data)
    .data                                    0x20000050   Section       28  bldcmotor.o(.data)
    .data                                    0x2000006c   Section       44  pid.o(.data)
    .data                                    0x20000098   Section        4  lowpass_filter.o(.data)
    .data                                    0x2000009c   Section       20  magneticsensor.o(.data)
    .data                                    0x200000b0   Section        4  main.o(.data)
    .data                                    0x200000b4   Section        8  stm32f10x_it.o(.data)
    .data                                    0x200000bc   Section        4  errno.o(.data)
    _errno                                   0x200000bc   Data           4  errno.o(.data)
    .bss                                     0x200000c0   Section      256  usart.o(.bss)
    STACK                                    0x200001c0   Section     1024  startup_stm32f10x_md.o(STACK)

    Global Symbols

    Symbol Name                              Value     Ov Type        Size  Object(Section)

    BuildAttributes$$THM_ISAv4$P$D$K$B$S$PE$A:L22UL41UL21$X:L11$S22US41US21$IEEE1$IW$USESV6$~STKCKD$USESV7$~SHL$OTIME$ROPI$IEEEX$EBA8$MICROLIB$REQ8$PRES8$EABIv2 0x00000000   Number         0  anon$$obj.o ABSOLUTE
    __ARM_use_no_argv                        0x00000000   Number         0  main.o ABSOLUTE
    __use_no_errno                           0x00000000   Number         0  useno.o ABSOLUTE
    __use_no_exception_handling              0x00000000   Number         0  useno.o ABSOLUTE
    __use_no_fp                              0x00000000   Number         0  useno.o ABSOLUTE
    __use_no_heap                            0x00000000   Number         0  useno.o ABSOLUTE
    __use_no_heap_region                     0x00000000   Number         0  useno.o ABSOLUTE
    __use_no_semihosting                     0x00000000   Number         0  useno.o ABSOLUTE
    __use_no_semihosting_swi                 0x00000000   Number         0  useno.o ABSOLUTE
    __use_no_signal_handling                 0x00000000   Number         0  useno.o ABSOLUTE
    _printf_a                                0x00000000   Number         0  stubs.o ABSOLUTE
    _printf_c                                0x00000000   Number         0  stubs.o ABSOLUTE
    _printf_charcount                        0x00000000   Number         0  stubs.o ABSOLUTE
    _printf_d                                0x00000000   Number         0  stubs.o ABSOLUTE
    _printf_e                                0x00000000   Number         0  stubs.o ABSOLUTE
    _printf_f                                0x00000000   Number         0  stubs.o ABSOLUTE
    _printf_flags                            0x00000000   Number         0  stubs.o ABSOLUTE
    _printf_fp_dec                           0x00000000   Number         0  stubs.o ABSOLUTE
    _printf_fp_hex                           0x00000000   Number         0  stubs.o ABSOLUTE
    _printf_g                                0x00000000   Number         0  stubs.o ABSOLUTE
    _printf_i                                0x00000000   Number         0  stubs.o ABSOLUTE
    _printf_int_dec                          0x00000000   Number         0  stubs.o ABSOLUTE
    _printf_l                                0x00000000   Number         0  stubs.o ABSOLUTE
    _printf_lc                               0x00000000   Number         0  stubs.o ABSOLUTE
    _printf_ll                               0x00000000   Number         0  stubs.o ABSOLUTE
    _printf_lld                              0x00000000   Number         0  stubs.o ABSOLUTE
    _printf_lli                              0x00000000   Number         0  stubs.o ABSOLUTE
    _printf_llo                              0x00000000   Number         0  stubs.o ABSOLUTE
    _printf_llu                              0x00000000   Number         0  stubs.o ABSOLUTE
    _printf_llx                              0x00000000   Number         0  stubs.o ABSOLUTE
    _printf_longlong_dec                     0x00000000   Number         0  stubs.o ABSOLUTE
    _printf_longlong_hex                     0x00000000   Number         0  stubs.o ABSOLUTE
    _printf_longlong_oct                     0x00000000   Number         0  stubs.o ABSOLUTE
    _printf_ls                               0x00000000   Number         0  stubs.o ABSOLUTE
    _printf_mbtowc                           0x00000000   Number         0  stubs.o ABSOLUTE
    _printf_n                                0x00000000   Number         0  stubs.o ABSOLUTE
    _printf_o                                0x00000000   Number         0  stubs.o ABSOLUTE
    _printf_p                                0x00000000   Number         0  stubs.o ABSOLUTE
    _printf_percent                          0x00000000   Number         0  stubs.o ABSOLUTE
    _printf_pre_padding                      0x00000000   Number         0  stubs.o ABSOLUTE
    _printf_return_value                     0x00000000   Number         0  stubs.o ABSOLUTE
    _printf_s                                0x00000000   Number         0  stubs.o ABSOLUTE
    _printf_sizespec                         0x00000000   Number         0  stubs.o ABSOLUTE
    _printf_str                              0x00000000   Number         0  stubs.o ABSOLUTE
    _printf_truncate_signed                  0x00000000   Number         0  stubs.o ABSOLUTE
    _printf_truncate_unsigned                0x00000000   Number         0  stubs.o ABSOLUTE
    _printf_u                                0x00000000   Number         0  stubs.o ABSOLUTE
    _printf_wc                               0x00000000   Number         0  stubs.o ABSOLUTE
    _printf_wctomb                           0x00000000   Number         0  stubs.o ABSOLUTE
    _printf_widthprec                        0x00000000   Number         0  stubs.o ABSOLUTE
    _printf_x                                0x00000000   Number         0  stubs.o ABSOLUTE
    __arm_fini_                               - Undefined Weak Reference
    __cpp_initialize__aeabi_                  - Undefined Weak Reference
    __cxa_finalize                            - Undefined Weak Reference
    __decompress                              - Undefined Weak Reference
    _clock_init                               - Undefined Weak Reference
    _microlib_exit                            - Undefined Weak Reference
    __Vectors_Size                           0x000000ec   Number         0  startup_stm32f10x_md.o ABSOLUTE
    __Vectors                                0x08000000   Data           4  startup_stm32f10x_md.o(RESET)
    __Vectors_End                            0x080000ec   Data           0  startup_stm32f10x_md.o(RESET)
    __main                                   0x080000ed   Thumb Code     0  entry.o(.ARM.Collect$$$$00000000)
    _main_stk                                0x080000ed   Thumb Code     0  entry2.o(.ARM.Collect$$$$00000001)
    _main_scatterload                        0x080000f1   Thumb Code     0  entry5.o(.ARM.Collect$$$$00000004)
    __main_after_scatterload                 0x080000f5   Thumb Code     0  entry5.o(.ARM.Collect$$$$00000004)
    _main_clock                              0x080000f5   Thumb Code     0  entry7b.o(.ARM.Collect$$$$00000008)
    _main_cpp_init                           0x080000f5   Thumb Code     0  entry8b.o(.ARM.Collect$$$$0000000A)
    _main_init                               0x080000f5   Thumb Code     0  entry9a.o(.ARM.Collect$$$$0000000B)
    __rt_lib_shutdown_fini                   0x080000fd   Thumb Code     0  entry12b.o(.ARM.Collect$$$$0000000E)
    __rt_final_cpp                           0x08000101   Thumb Code     0  entry10a.o(.ARM.Collect$$$$0000000F)
    __rt_final_exit                          0x08000101   Thumb Code     0  entry11a.o(.ARM.Collect$$$$00000011)
    Reset_Handler                            0x08000105   Thumb Code     8  startup_stm32f10x_md.o(.text)
    ADC1_2_IRQHandler                        0x0800011f   Thumb Code     0  startup_stm32f10x_md.o(.text)
    CAN1_RX1_IRQHandler                      0x0800011f   Thumb Code     0  startup_stm32f10x_md.o(.text)
    CAN1_SCE_IRQHandler                      0x0800011f   Thumb Code     0  startup_stm32f10x_md.o(.text)
    DMA1_Channel1_IRQHandler                 0x0800011f   Thumb Code     0  startup_stm32f10x_md.o(.text)
    DMA1_Channel2_IRQHandler                 0x0800011f   Thumb Code     0  startup_stm32f10x_md.o(.text)
    DMA1_Channel3_IRQHandler                 0x0800011f   Thumb Code     0  startup_stm32f10x_md.o(.text)
    DMA1_Channel4_IRQHandler                 0x0800011f   Thumb Code     0  startup_stm32f10x_md.o(.text)
    DMA1_Channel5_IRQHandler                 0x0800011f   Thumb Code     0  startup_stm32f10x_md.o(.text)
    DMA1_Channel6_IRQHandler                 0x0800011f   Thumb Code     0  startup_stm32f10x_md.o(.text)
    DMA1_Channel7_IRQHandler                 0x0800011f   Thumb Code     0  startup_stm32f10x_md.o(.text)
    EXTI0_IRQHandler                         0x0800011f   Thumb Code     0  startup_stm32f10x_md.o(.text)
    EXTI15_10_IRQHandler                     0x0800011f   Thumb Code     0  startup_stm32f10x_md.o(.text)
    EXTI1_IRQHandler                         0x0800011f   Thumb Code     0  startup_stm32f10x_md.o(.text)
    EXTI2_IRQHandler                         0x0800011f   Thumb Code     0  startup_stm32f10x_md.o(.text)
    EXTI3_IRQHandler                         0x0800011f   Thumb Code     0  startup_stm32f10x_md.o(.text)
    EXTI4_IRQHandler                         0x0800011f   Thumb Code     0  startup_stm32f10x_md.o(.text)
    EXTI9_5_IRQHandler                       0x0800011f   Thumb Code     0  startup_stm32f10x_md.o(.text)
    FLASH_IRQHandler                         0x0800011f   Thumb Code     0  startup_stm32f10x_md.o(.text)
    I2C1_ER_IRQHandler                       0x0800011f   Thumb Code     0  startup_stm32f10x_md.o(.text)
    I2C1_EV_IRQHandler                       0x0800011f   Thumb Code     0  startup_stm32f10x_md.o(.text)
    I2C2_ER_IRQHandler                       0x0800011f   Thumb Code     0  startup_stm32f10x_md.o(.text)
    I2C2_EV_IRQHandler                       0x0800011f   Thumb Code     0  startup_stm32f10x_md.o(.text)
    PVD_IRQHandler                           0x0800011f   Thumb Code     0  startup_stm32f10x_md.o(.text)
    RCC_IRQHandler                           0x0800011f   Thumb Code     0  startup_stm32f10x_md.o(.text)
    RTCAlarm_IRQHandler                      0x0800011f   Thumb Code     0  startup_stm32f10x_md.o(.text)
    RTC_IRQHandler                           0x0800011f   Thumb Code     0  startup_stm32f10x_md.o(.text)
    SPI1_IRQHandler                          0x0800011f   Thumb Code     0  startup_stm32f10x_md.o(.text)
    SPI2_IRQHandler                          0x0800011f   Thumb Code     0  startup_stm32f10x_md.o(.text)
    TAMPER_IRQHandler                        0x0800011f   Thumb Code     0  startup_stm32f10x_md.o(.text)
    TIM1_BRK_IRQHandler                      0x0800011f   Thumb Code     0  startup_stm32f10x_md.o(.text)
    TIM1_CC_IRQHandler                       0x0800011f   Thumb Code     0  startup_stm32f10x_md.o(.text)
    TIM1_TRG_COM_IRQHandler                  0x0800011f   Thumb Code     0  startup_stm32f10x_md.o(.text)
    TIM1_UP_IRQHandler                       0x0800011f   Thumb Code     0  startup_stm32f10x_md.o(.text)
    TIM2_IRQHandler                          0x0800011f   Thumb Code     0  startup_stm32f10x_md.o(.text)
    TIM4_IRQHandler                          0x0800011f   Thumb Code     0  startup_stm32f10x_md.o(.text)
    USART2_IRQHandler                        0x0800011f   Thumb Code     0  startup_stm32f10x_md.o(.text)
    USART3_IRQHandler                        0x0800011f   Thumb Code     0  startup_stm32f10x_md.o(.text)
    USBWakeUp_IRQHandler                     0x0800011f   Thumb Code     0  startup_stm32f10x_md.o(.text)
    USB_HP_CAN1_TX_IRQHandler                0x0800011f   Thumb Code     0  startup_stm32f10x_md.o(.text)
    USB_LP_CAN1_RX0_IRQHandler               0x0800011f   Thumb Code     0  startup_stm32f10x_md.o(.text)
    WWDG_IRQHandler                          0x0800011f   Thumb Code     0  startup_stm32f10x_md.o(.text)
    __aeabi_fadd                             0x08000129   Thumb Code   164  fadd.o(.text)
    __aeabi_fsub                             0x080001cd   Thumb Code     6  fadd.o(.text)
    __aeabi_frsub                            0x080001d3   Thumb Code     6  fadd.o(.text)
    __aeabi_fmul                             0x080001d9   Thumb Code   100  fmul.o(.text)
    __aeabi_fdiv                             0x0800023d   Thumb Code   124  fdiv.o(.text)
    __aeabi_dadd                             0x080002b9   Thumb Code   322  dadd.o(.text)
    __aeabi_dsub                             0x080003fb   Thumb Code     6  dadd.o(.text)
    __aeabi_drsub                            0x08000401   Thumb Code     6  dadd.o(.text)
    __aeabi_dmul                             0x08000407   Thumb Code   228  dmul.o(.text)
    __aeabi_ddiv                             0x080004eb   Thumb Code   222  ddiv.o(.text)
    __aeabi_i2f                              0x080005c9   Thumb Code    18  fflti.o(.text)
    __aeabi_ui2f                             0x080005db   Thumb Code    10  ffltui.o(.text)
    __aeabi_i2d                              0x080005e5   Thumb Code    34  dflti.o(.text)
    __aeabi_ui2d                             0x08000607   Thumb Code    26  dfltui.o(.text)
    __aeabi_f2iz                             0x08000621   Thumb Code    50  ffixi.o(.text)
    __aeabi_f2uiz                            0x08000653   Thumb Code    40  ffixui.o(.text)
    __aeabi_d2iz                             0x0800067b   Thumb Code    62  dfixi.o(.text)
    __aeabi_d2uiz                            0x080006b9   Thumb Code    50  dfixui.o(.text)
    __aeabi_f2d                              0x080006eb   Thumb Code    38  f2d.o(.text)
    __aeabi_cdcmpeq                          0x08000711   Thumb Code     0  cdcmple.o(.text)
    __aeabi_cdcmple                          0x08000711   Thumb Code    48  cdcmple.o(.text)
    __aeabi_cdrcmple                         0x08000741   Thumb Code    48  cdrcmple.o(.text)
    __aeabi_d2f                              0x08000771   Thumb Code    56  d2f.o(.text)
    __aeabi_cfcmpeq                          0x080007a9   Thumb Code     0  cfcmple.o(.text)
    __aeabi_cfcmple                          0x080007a9   Thumb Code    20  cfcmple.o(.text)
    __aeabi_cfrcmple                         0x080007bd   Thumb Code    20  cfrcmple.o(.text)
    __aeabi_uidiv                            0x080007d1   Thumb Code     0  uidiv.o(.text)
    __aeabi_uidivmod                         0x080007d1   Thumb Code    44  uidiv.o(.text)
    __aeabi_uldivmod                         0x080007fd   Thumb Code    98  uldiv.o(.text)
    __aeabi_llsl                             0x0800085f   Thumb Code    30  llshl.o(.text)
    _ll_shift_l                              0x0800085f   Thumb Code     0  llshl.o(.text)
    __aeabi_llsr                             0x0800087d   Thumb Code    32  llushr.o(.text)
    _ll_ushift_r                             0x0800087d   Thumb Code     0  llushr.o(.text)
    __aeabi_lasr                             0x0800089d   Thumb Code    36  llsshr.o(.text)
    _ll_sshift_r                             0x0800089d   Thumb Code     0  llsshr.o(.text)
    __strtod_int                             0x080008f7   Thumb Code    90  strtod.o(.text)
    __I$use$fp                               0x0800095d   Thumb Code     0  iusefp.o(.text)
    _float_round                             0x0800095d   Thumb Code    18  fepilogue.o(.text)
    _float_epilogue                          0x0800096f   Thumb Code    92  fepilogue.o(.text)
    _double_round                            0x080009cb   Thumb Code    30  depilogue.o(.text)
    _double_epilogue                         0x080009e9   Thumb Code   156  depilogue.o(.text)
    _drem                                    0x08000a85   Thumb Code   134  drem.o(.text)
    __aeabi_d2ulz                            0x08000b0b   Thumb Code    48  dfixul.o(.text)
    __scatterload                            0x08000b3d   Thumb Code    28  init.o(.text)
    __scatterload_rt2                        0x08000b3d   Thumb Code     0  init.o(.text)
    isspace                                  0x08000b61   Thumb Code    10  isspace_c.o(.text)
    _scanf_real                              0x08000c95   Thumb Code     0  scanf_fp.o(.text)
    _scanf_really_real                       0x08000c95   Thumb Code   556  scanf_fp.o(.text)
    _sgetc                                   0x08000ecd   Thumb Code    30  _sgetc.o(.text)
    _sbackspace                              0x08000eeb   Thumb Code    34  _sgetc.o(.text)
    __ARM_scalbn                             0x08000f0d   Thumb Code    46  dscalb.o(.text)
    scalbn                                   0x08000f0d   Thumb Code     0  dscalb.o(.text)
    __ctype_lookup                           0x08000f3d   Thumb Code    34  ctype_c.o(.text)
    __aeabi_ul2d                             0x08000f65   Thumb Code    24  dfltul.o(.text)
    BusFault_Handler                         0x08000f7d   Thumb Code     4  stm32f10x_it.o(i.BusFault_Handler)
    DebugMon_Handler                         0x08000f81   Thumb Code     2  stm32f10x_it.o(i.DebugMon_Handler)
    GPIO_Config                              0x08000f85   Thumb Code    96  main.o(i.GPIO_Config)
    GPIO_Init                                0x08000ff1   Thumb Code   278  stm32f10x_gpio.o(i.GPIO_Init)
    GPIO_PinRemapConfig                      0x08001109   Thumb Code   138  stm32f10x_gpio.o(i.GPIO_PinRemapConfig)
    GPIO_ResetBits                           0x08001199   Thumb Code     4  stm32f10x_gpio.o(i.GPIO_ResetBits)
    GPIO_SetBits                             0x0800119d   Thumb Code     4  stm32f10x_gpio.o(i.GPIO_SetBits)
    HardFault_Handler                        0x080011a1   Thumb Code     4  stm32f10x_it.o(i.HardFault_Handler)
    I2C_Cmd                                  0x080011a5   Thumb Code    24  stm32f10x_i2c.o(i.I2C_Cmd)
    I2C_DeInit                               0x080011bd   Thumb Code    50  stm32f10x_i2c.o(i.I2C_DeInit)
    I2C_GenerateSTOP                         0x080011f5   Thumb Code    24  stm32f10x_i2c.o(i.I2C_GenerateSTOP)
    I2C_Init                                 0x0800120d   Thumb Code   222  stm32f10x_i2c.o(i.I2C_Init)
    I2C_Init_                                0x080012f9   Thumb Code   110  iic.o(i.I2C_Init_)
    I2C_getRawCount                          0x08001375   Thumb Code   256  magneticsensor.o(i.I2C_getRawCount)
    LPF_velocity                             0x08001475   Thumb Code    74  lowpass_filter.o(i.LPF_velocity)
    MagneticSensor_Init                      0x080014d5   Thumb Code    32  magneticsensor.o(i.MagneticSensor_Init)
    MemManage_Handler                        0x08001509   Thumb Code     4  stm32f10x_it.o(i.MemManage_Handler)
    Motor_init                               0x0800150d   Thumb Code    60  bldcmotor.o(i.Motor_init)
    Motor_initFOC                            0x08001581   Thumb Code    66  bldcmotor.o(i.Motor_initFOC)
    NMI_Handler                              0x080015d9   Thumb Code     2  stm32f10x_it.o(i.NMI_Handler)
    NVIC_Init                                0x080015dd   Thumb Code   100  misc.o(i.NVIC_Init)
    PID_angle                                0x0800164d   Thumb Code   234  pid.o(i.PID_angle)
    PID_init                                 0x0800175d   Thumb Code    72  pid.o(i.PID_init)
    PID_velocity                             0x080017e5   Thumb Code   458  pid.o(i.PID_velocity)
    PendSV_Handler                           0x080019e1   Thumb Code     2  stm32f10x_it.o(i.PendSV_Handler)
    RCC_APB1PeriphClockCmd                   0x080019e5   Thumb Code    26  stm32f10x_rcc.o(i.RCC_APB1PeriphClockCmd)
    RCC_APB1PeriphResetCmd                   0x08001a05   Thumb Code    26  stm32f10x_rcc.o(i.RCC_APB1PeriphResetCmd)
    RCC_APB2PeriphClockCmd                   0x08001a25   Thumb Code    26  stm32f10x_rcc.o(i.RCC_APB2PeriphClockCmd)
    RCC_APB2PeriphResetCmd                   0x08001a45   Thumb Code    26  stm32f10x_rcc.o(i.RCC_APB2PeriphResetCmd)
    RCC_GetClocksFreq                        0x08001a65   Thumb Code   192  stm32f10x_rcc.o(i.RCC_GetClocksFreq)
    SVC_Handler                              0x08001b39   Thumb Code     2  stm32f10x_it.o(i.SVC_Handler)
    SysTick_Handler                          0x08001c25   Thumb Code     2  stm32f10x_it.o(i.SysTick_Handler)
    SystemInit                               0x08001c29   Thumb Code    78  system_stm32f10x.o(i.SystemInit)
    TIM2_PWM_Init                            0x08001c89   Thumb Code   186  timer.o(i.TIM2_PWM_Init)
    TIM3_1ms_Init                            0x08001d49   Thumb Code    80  timer.o(i.TIM3_1ms_Init)
    TIM3_IRQHandler                          0x08001d9d   Thumb Code    44  stm32f10x_it.o(i.TIM3_IRQHandler)
    TIM_ARRPreloadConfig                     0x08001dd5   Thumb Code    24  stm32f10x_tim.o(i.TIM_ARRPreloadConfig)
    TIM_ClearITPendingBit                    0x08001ded   Thumb Code     6  stm32f10x_tim.o(i.TIM_ClearITPendingBit)
    TIM_Cmd                                  0x08001df3   Thumb Code    24  stm32f10x_tim.o(i.TIM_Cmd)
    TIM_DeInit                               0x08001e0d   Thumb Code   424  stm32f10x_tim.o(i.TIM_DeInit)
    TIM_GetITStatus                          0x08001ff5   Thumb Code    34  stm32f10x_tim.o(i.TIM_GetITStatus)
    TIM_ITConfig                             0x08002017   Thumb Code    18  stm32f10x_tim.o(i.TIM_ITConfig)
    TIM_OC1Init                              0x08002029   Thumb Code   132  stm32f10x_tim.o(i.TIM_OC1Init)
    TIM_OC1PreloadConfig                     0x080020c1   Thumb Code    18  stm32f10x_tim.o(i.TIM_OC1PreloadConfig)
    TIM_OC2Init                              0x080020d5   Thumb Code   154  stm32f10x_tim.o(i.TIM_OC2Init)
    TIM_OC2PreloadConfig                     0x08002179   Thumb Code    26  stm32f10x_tim.o(i.TIM_OC2PreloadConfig)
    TIM_OC3Init                              0x08002195   Thumb Code   150  stm32f10x_tim.o(i.TIM_OC3Init)
    TIM_OC3PreloadConfig                     0x08002235   Thumb Code    18  stm32f10x_tim.o(i.TIM_OC3PreloadConfig)
    TIM_SetCompare1                          0x08002247   Thumb Code     4  stm32f10x_tim.o(i.TIM_SetCompare1)
    TIM_SetCompare2                          0x0800224b   Thumb Code     4  stm32f10x_tim.o(i.TIM_SetCompare2)
    TIM_SetCompare3                          0x0800224f   Thumb Code     4  stm32f10x_tim.o(i.TIM_SetCompare3)
    TIM_TimeBaseInit                         0x08002255   Thumb Code   122  stm32f10x_tim.o(i.TIM_TimeBaseInit)
    USART1_IRQHandler                        0x080022f9   Thumb Code   136  usart.o(i.USART1_IRQHandler)
    USART_Cmd                                0x0800238d   Thumb Code    24  stm32f10x_usart.o(i.USART_Cmd)
    USART_GetITStatus                        0x080023a5   Thumb Code    84  stm32f10x_usart.o(i.USART_GetITStatus)
    USART_ITConfig                           0x080023f9   Thumb Code    74  stm32f10x_usart.o(i.USART_ITConfig)
    USART_Init                               0x08002445   Thumb Code   210  stm32f10x_usart.o(i.USART_Init)
    USART_ReceiveData                        0x0800251d   Thumb Code    10  stm32f10x_usart.o(i.USART_ReceiveData)
    UsageFault_Handler                       0x08002527   Thumb Code     4  stm32f10x_it.o(i.UsageFault_Handler)
    __0printf                                0x0800252d   Thumb Code    22  printfa.o(i.__0printf)
    __1printf                                0x0800252d   Thumb Code     0  printfa.o(i.__0printf)
    __2printf                                0x0800252d   Thumb Code     0  printfa.o(i.__0printf)
    __c89printf                              0x0800252d   Thumb Code     0  printfa.o(i.__0printf)
    printf                                   0x0800252d   Thumb Code     0  printfa.o(i.__0printf)
    __ARM_fpclassify                         0x0800254d   Thumb Code    40  fpclassify.o(i.__ARM_fpclassify)
    __kernel_poly                            0x08002575   Thumb Code   170  poly.o(i.__kernel_poly)
    __mathlib_dbl_infnan                     0x0800261f   Thumb Code     6  dunder.o(i.__mathlib_dbl_infnan)
    __mathlib_dbl_infnan2                    0x08002625   Thumb Code     4  dunder.o(i.__mathlib_dbl_infnan2)
    __mathlib_dbl_invalid                    0x08002629   Thumb Code    12  dunder.o(i.__mathlib_dbl_invalid)
    __mathlib_dbl_underflow                  0x08002635   Thumb Code    10  dunder.o(i.__mathlib_dbl_underflow)
    __read_errno                             0x08002645   Thumb Code     6  errno.o(i.__read_errno)
    __scatterload_copy                       0x08002651   Thumb Code    14  handlers.o(i.__scatterload_copy)
    __scatterload_null                       0x0800265f   Thumb Code     2  handlers.o(i.__scatterload_null)
    __scatterload_zeroinit                   0x08002661   Thumb Code    14  handlers.o(i.__scatterload_zeroinit)
    __set_errno                              0x08002671   Thumb Code     6  errno.o(i.__set_errno)
    _electricalAngle                         0x0800267d   Thumb Code    22  foc_utils.o(i._electricalAngle)
    _is_digit                                0x08002819   Thumb Code    14  scanf_fp.o(i._is_digit)
    _normalizeAngle                          0x08002829   Thumb Code    74  foc_utils.o(i._normalizeAngle)
    _sin                                     0x08002f85   Thumb Code   612  foc_utils.o(i._sin)
    _sqrtApprox                              0x0800321d   Thumb Code    26  foc_utils.o(i._sqrtApprox)
    alignSensor                              0x0800323d   Thumb Code   542  bldcmotor.o(i.alignSensor)
    angleOpenloop                            0x0800357d   Thumb Code   334  bldcmotor.o(i.angleOpenloop)
    atan                                     0x080036f5   Thumb Code   474  atan.o(i.atan)
    atan2                                    0x08003915   Thumb Code   374  atan2.o(i.atan2)
    atof                                     0x08003ab1   Thumb Code    42  atof.o(i.atof)
    commander_run                            0x08003add   Thumb Code   130  main.o(i.commander_run)
    delay_ms                                 0x08003b95   Thumb Code    72  delay.o(i.delay_ms)
    electricalAngle                          0x08003bdd   Thumb Code    56  focmotor.o(i.electricalAngle)
    fmod                                     0x08003c25   Thumb Code   144  fmod.o(i.fmod)
    fputc                                    0x08003cb9   Thumb Code    24  usart.o(i.fputc)
    getAngle                                 0x08003cd5   Thumb Code   214  magneticsensor.o(i.getAngle)
    getVelocity                              0x08003dd1   Thumb Code   180  magneticsensor.o(i.getVelocity)
    loopFOC                                  0x08003ea1   Thumb Code    86  bldcmotor.o(i.loopFOC)
    main                                     0x08003f31   Thumb Code   176  main.o(i.main)
    move                                     0x08004031   Thumb Code   206  bldcmotor.o(i.move)
    setPhaseVoltage                          0x08004121   Thumb Code  1012  bldcmotor.o(i.setPhaseVoltage)
    shaftAngle                               0x0800454d   Thumb Code    38  focmotor.o(i.shaftAngle)
    shaftVelocity                            0x0800457d   Thumb Code    32  focmotor.o(i.shaftVelocity)
    systick_CountMode                        0x080045a1   Thumb Code    18  delay.o(i.systick_CountMode)
    uart_init                                0x080045b9   Thumb Code   152  usart.o(i.uart_init)
    velocityOpenloop                         0x08004659   Thumb Code   212  bldcmotor.o(i.velocityOpenloop)
    sine_array                               0x08004750   Data         800  foc_utils.o(.constdata)
    __mathlib_zero                           0x08004b08   Data           8  qnan.o(.constdata)
    __ctype_categories                       0x08004b10   Data          64  ctype_c.o(.constdata)
    Region$$Table$$Base                      0x08004b50   Number         0  anon$$obj.o(Region$$Table)
    Region$$Table$$Limit                     0x08004b70   Number         0  anon$$obj.o(Region$$Table)
    __stdout                                 0x20000014   Data           4  usart.o(.data)
    USART_RX_STA                             0x20000018   Data           2  usart.o(.data)
    shaft_angle                              0x2000001c   Data           4  focmotor.o(.data)
    electrical_angle                         0x20000020   Data           4  focmotor.o(.data)
    shaft_velocity                           0x20000024   Data           4  focmotor.o(.data)
    current_sp                               0x20000028   Data           4  focmotor.o(.data)
    shaft_velocity_sp                        0x2000002c   Data           4  focmotor.o(.data)
    shaft_angle_sp                           0x20000030   Data           4  focmotor.o(.data)
    voltage                                  0x20000034   Data           8  focmotor.o(.data)
    current                                  0x2000003c   Data           8  focmotor.o(.data)
    torque_controller                        0x20000044   Data           1  focmotor.o(.data)
    controller                               0x20000045   Data           1  focmotor.o(.data)
    sensor_offset                            0x20000048   Data           4  focmotor.o(.data)
    zero_electric_angle                      0x2000004c   Data           4  focmotor.o(.data)
    sensor_direction                         0x20000050   Data           4  bldcmotor.o(.data)
    voltage_power_supply                     0x20000054   Data           4  bldcmotor.o(.data)
    voltage_limit                            0x20000058   Data           4  bldcmotor.o(.data)
    voltage_sensor_align                     0x2000005c   Data           4  bldcmotor.o(.data)
    pole_pairs                               0x20000060   Data           4  bldcmotor.o(.data)
    open_loop_timestamp                      0x20000064   Data           4  bldcmotor.o(.data)
    velocity_limit                           0x20000068   Data           4  bldcmotor.o(.data)
    pid_vel_P                                0x2000006c   Data           4  pid.o(.data)
    pid_ang_P                                0x20000070   Data           4  pid.o(.data)
    pid_vel_I                                0x20000074   Data           4  pid.o(.data)
    pid_ang_D                                0x20000078   Data           4  pid.o(.data)
    integral_vel_prev                        0x2000007c   Data           4  pid.o(.data)
    error_vel_prev                           0x20000080   Data           4  pid.o(.data)
    error_ang_prev                           0x20000084   Data           4  pid.o(.data)
    output_vel_ramp                          0x20000088   Data           4  pid.o(.data)
    output_vel_prev                          0x2000008c   Data           4  pid.o(.data)
    pid_vel_timestamp                        0x20000090   Data           4  pid.o(.data)
    pid_ang_timestamp                        0x20000094   Data           4  pid.o(.data)
    y_vel_prev                               0x20000098   Data           4  lowpass_filter.o(.data)
    cpr                                      0x2000009c   Data           4  magneticsensor.o(.data)
    full_rotation_offset                     0x200000a0   Data           4  magneticsensor.o(.data)
    angle_data_prev                          0x200000a4   Data           4  magneticsensor.o(.data)
    velocity_calc_timestamp                  0x200000a8   Data           4  magneticsensor.o(.data)
    angle_prev                               0x200000ac   Data           4  magneticsensor.o(.data)
    target                                   0x200000b0   Data           4  main.o(.data)
    time1_cntr                               0x200000b4   Data           4  stm32f10x_it.o(.data)
    time2_cntr                               0x200000b8   Data           4  stm32f10x_it.o(.data)
    USART_RX_BUF                             0x200000c0   Data         256  usart.o(.bss)
    __initial_sp                             0x200005c0   Data           0  startup_stm32f10x_md.o(STACK)



==============================================================================

Memory Map of the image

  Image Entry point : 0x080000ed

  Load Region LR_IROM1 (Base: 0x08000000, Size: 0x00004c30, Max: 0x00010000, ABSOLUTE)

    Execution Region ER_IROM1 (Exec base: 0x08000000, Load base: 0x08000000, Size: 0x00004b70, Max: 0x00010000, ABSOLUTE)

    Exec Addr    Load Addr    Size         Type   Attr      Idx    E Section Name        Object

    0x08000000   0x08000000   0x000000ec   Data   RO          132    RESET               startup_stm32f10x_md.o
    0x080000ec   0x080000ec   0x00000000   Code   RO         3651  * .ARM.Collect$$$$00000000  mc_w.l(entry.o)
    0x080000ec   0x080000ec   0x00000004   Code   RO         3980    .ARM.Collect$$$$00000001  mc_w.l(entry2.o)
    0x080000f0   0x080000f0   0x00000004   Code   RO         3983    .ARM.Collect$$$$00000004  mc_w.l(entry5.o)
    0x080000f4   0x080000f4   0x00000000   Code   RO         3985    .ARM.Collect$$$$00000008  mc_w.l(entry7b.o)
    0x080000f4   0x080000f4   0x00000000   Code   RO         3987    .ARM.Collect$$$$0000000A  mc_w.l(entry8b.o)
    0x080000f4   0x080000f4   0x00000008   Code   RO         3988    .ARM.Collect$$$$0000000B  mc_w.l(entry9a.o)
    0x080000fc   0x080000fc   0x00000004   Code   RO         3995    .ARM.Collect$$$$0000000E  mc_w.l(entry12b.o)
    0x08000100   0x08000100   0x00000000   Code   RO         3990    .ARM.Collect$$$$0000000F  mc_w.l(entry10a.o)
    0x08000100   0x08000100   0x00000000   Code   RO         3992    .ARM.Collect$$$$00000011  mc_w.l(entry11a.o)
    0x08000100   0x08000100   0x00000004   Code   RO         3981    .ARM.Collect$$$$00002712  mc_w.l(entry2.o)
    0x08000104   0x08000104   0x00000024   Code   RO          133    .text               startup_stm32f10x_md.o
    0x08000128   0x08000128   0x000000b0   Code   RO         3915    .text               mf_w.l(fadd.o)
    0x080001d8   0x080001d8   0x00000064   Code   RO         3917    .text               mf_w.l(fmul.o)
    0x0800023c   0x0800023c   0x0000007c   Code   RO         3919    .text               mf_w.l(fdiv.o)
    0x080002b8   0x080002b8   0x0000014e   Code   RO         3921    .text               mf_w.l(dadd.o)
    0x08000406   0x08000406   0x000000e4   Code   RO         3923    .text               mf_w.l(dmul.o)
    0x080004ea   0x080004ea   0x000000de   Code   RO         3925    .text               mf_w.l(ddiv.o)
    0x080005c8   0x080005c8   0x00000012   Code   RO         3927    .text               mf_w.l(fflti.o)
    0x080005da   0x080005da   0x0000000a   Code   RO         3929    .text               mf_w.l(ffltui.o)
    0x080005e4   0x080005e4   0x00000022   Code   RO         3931    .text               mf_w.l(dflti.o)
    0x08000606   0x08000606   0x0000001a   Code   RO         3933    .text               mf_w.l(dfltui.o)
    0x08000620   0x08000620   0x00000032   Code   RO         3935    .text               mf_w.l(ffixi.o)
    0x08000652   0x08000652   0x00000028   Code   RO         3937    .text               mf_w.l(ffixui.o)
    0x0800067a   0x0800067a   0x0000003e   Code   RO         3939    .text               mf_w.l(dfixi.o)
    0x080006b8   0x080006b8   0x00000032   Code   RO         3941    .text               mf_w.l(dfixui.o)
    0x080006ea   0x080006ea   0x00000026   Code   RO         3943    .text               mf_w.l(f2d.o)
    0x08000710   0x08000710   0x00000030   Code   RO         3945    .text               mf_w.l(cdcmple.o)
    0x08000740   0x08000740   0x00000030   Code   RO         3947    .text               mf_w.l(cdrcmple.o)
    0x08000770   0x08000770   0x00000038   Code   RO         3949    .text               mf_w.l(d2f.o)
    0x080007a8   0x080007a8   0x00000014   Code   RO         3951    .text               mf_w.l(cfcmple.o)
    0x080007bc   0x080007bc   0x00000014   Code   RO         3953    .text               mf_w.l(cfrcmple.o)
    0x080007d0   0x080007d0   0x0000002c   Code   RO         3996    .text               mc_w.l(uidiv.o)
    0x080007fc   0x080007fc   0x00000062   Code   RO         3998    .text               mc_w.l(uldiv.o)
    0x0800085e   0x0800085e   0x0000001e   Code   RO         4000    .text               mc_w.l(llshl.o)
    0x0800087c   0x0800087c   0x00000020   Code   RO         4002    .text               mc_w.l(llushr.o)
    0x0800089c   0x0800089c   0x00000024   Code   RO         4004    .text               mc_w.l(llsshr.o)
    0x080008c0   0x080008c0   0x0000009c   Code   RO         4013    .text               mc_w.l(strtod.o)
    0x0800095c   0x0800095c   0x00000000   Code   RO         4015    .text               mc_w.l(iusefp.o)
    0x0800095c   0x0800095c   0x0000006e   Code   RO         4016    .text               mf_w.l(fepilogue.o)
    0x080009ca   0x080009ca   0x000000ba   Code   RO         4018    .text               mf_w.l(depilogue.o)
    0x08000a84   0x08000a84   0x00000086   Code   RO         4020    .text               mf_w.l(drem.o)
    0x08000b0a   0x08000b0a   0x00000030   Code   RO         4022    .text               mf_w.l(dfixul.o)
    0x08000b3a   0x08000b3a   0x00000002   PAD
    0x08000b3c   0x08000b3c   0x00000024   Code   RO         4028    .text               mc_w.l(init.o)
    0x08000b60   0x08000b60   0x0000000a   Code   RO         4030    .text               mc_w.l(isspace_c.o)
    0x08000b6a   0x08000b6a   0x00000002   PAD
    0x08000b6c   0x08000b6c   0x00000360   Code   RO         4032    .text               mc_w.l(scanf_fp.o)
    0x08000ecc   0x08000ecc   0x00000040   Code   RO         4036    .text               mc_w.l(_sgetc.o)
    0x08000f0c   0x08000f0c   0x0000002e   Code   RO         4038    .text               mf_w.l(dscalb.o)
    0x08000f3a   0x08000f3a   0x00000002   PAD
    0x08000f3c   0x08000f3c   0x00000028   Code   RO         4040    .text               mc_w.l(ctype_c.o)
    0x08000f64   0x08000f64   0x00000018   Code   RO         4043    .text               mf_w.l(dfltul.o)
    0x08000f7c   0x08000f7c   0x00000004   Code   RO         3559    i.BusFault_Handler  stm32f10x_it.o
    0x08000f80   0x08000f80   0x00000002   Code   RO         3560    i.DebugMon_Handler  stm32f10x_it.o
    0x08000f82   0x08000f82   0x00000002   PAD
    0x08000f84   0x08000f84   0x0000006c   Code   RO         3518    i.GPIO_Config       main.o
    0x08000ff0   0x08000ff0   0x00000116   Code   RO         1311    i.GPIO_Init         stm32f10x_gpio.o
    0x08001106   0x08001106   0x00000002   PAD
    0x08001108   0x08001108   0x00000090   Code   RO         1313    i.GPIO_PinRemapConfig  stm32f10x_gpio.o
    0x08001198   0x08001198   0x00000004   Code   RO         1318    i.GPIO_ResetBits    stm32f10x_gpio.o
    0x0800119c   0x0800119c   0x00000004   Code   RO         1319    i.GPIO_SetBits      stm32f10x_gpio.o
    0x080011a0   0x080011a0   0x00000004   Code   RO         3561    i.HardFault_Handler  stm32f10x_it.o
    0x080011a4   0x080011a4   0x00000018   Code   RO         1425    i.I2C_Cmd           stm32f10x_i2c.o
    0x080011bc   0x080011bc   0x00000038   Code   RO         1428    i.I2C_DeInit        stm32f10x_i2c.o
    0x080011f4   0x080011f4   0x00000018   Code   RO         1433    i.I2C_GenerateSTOP  stm32f10x_i2c.o
    0x0800120c   0x0800120c   0x000000ec   Code   RO         1439    i.I2C_Init          stm32f10x_i2c.o
    0x080012f8   0x080012f8   0x0000007c   Code   RO         3216    i.I2C_Init_         iic.o
    0x08001374   0x08001374   0x00000100   Code   RO         3470    i.I2C_getRawCount   magneticsensor.o
    0x08001474   0x08001474   0x00000060   Code   RO         3455    i.LPF_velocity      lowpass_filter.o
    0x080014d4   0x080014d4   0x00000034   Code   RO         3471    i.MagneticSensor_Init  magneticsensor.o
    0x08001508   0x08001508   0x00000004   Code   RO         3562    i.MemManage_Handler  stm32f10x_it.o
    0x0800150c   0x0800150c   0x00000074   Code   RO         3367    i.Motor_init        bldcmotor.o
    0x08001580   0x08001580   0x00000058   Code   RO         3368    i.Motor_initFOC     bldcmotor.o
    0x080015d8   0x080015d8   0x00000002   Code   RO         3563    i.NMI_Handler       stm32f10x_it.o
    0x080015da   0x080015da   0x00000002   PAD
    0x080015dc   0x080015dc   0x00000070   Code   RO          137    i.NVIC_Init         misc.o
    0x0800164c   0x0800164c   0x00000110   Code   RO         3428    i.PID_angle         pid.o
    0x0800175c   0x0800175c   0x00000088   Code   RO         3429    i.PID_init          pid.o
    0x080017e4   0x080017e4   0x000001fc   Code   RO         3430    i.PID_velocity      pid.o
    0x080019e0   0x080019e0   0x00000002   Code   RO         3564    i.PendSV_Handler    stm32f10x_it.o
    0x080019e2   0x080019e2   0x00000002   PAD
    0x080019e4   0x080019e4   0x00000020   Code   RO         1727    i.RCC_APB1PeriphClockCmd  stm32f10x_rcc.o
    0x08001a04   0x08001a04   0x00000020   Code   RO         1728    i.RCC_APB1PeriphResetCmd  stm32f10x_rcc.o
    0x08001a24   0x08001a24   0x00000020   Code   RO         1729    i.RCC_APB2PeriphClockCmd  stm32f10x_rcc.o
    0x08001a44   0x08001a44   0x00000020   Code   RO         1730    i.RCC_APB2PeriphResetCmd  stm32f10x_rcc.o
    0x08001a64   0x08001a64   0x000000d4   Code   RO         1737    i.RCC_GetClocksFreq  stm32f10x_rcc.o
    0x08001b38   0x08001b38   0x00000002   Code   RO         3565    i.SVC_Handler       stm32f10x_it.o
    0x08001b3a   0x08001b3a   0x00000008   Code   RO           17    i.SetSysClock       system_stm32f10x.o
    0x08001b42   0x08001b42   0x00000002   PAD
    0x08001b44   0x08001b44   0x000000e0   Code   RO           18    i.SetSysClockTo72   system_stm32f10x.o
    0x08001c24   0x08001c24   0x00000002   Code   RO         3566    i.SysTick_Handler   stm32f10x_it.o
    0x08001c26   0x08001c26   0x00000002   PAD
    0x08001c28   0x08001c28   0x00000060   Code   RO           20    i.SystemInit        system_stm32f10x.o
    0x08001c88   0x08001c88   0x000000c0   Code   RO         3127    i.TIM2_PWM_Init     timer.o
    0x08001d48   0x08001d48   0x00000054   Code   RO         3128    i.TIM3_1ms_Init     timer.o
    0x08001d9c   0x08001d9c   0x00000038   Code   RO         3567    i.TIM3_IRQHandler   stm32f10x_it.o
    0x08001dd4   0x08001dd4   0x00000018   Code   RO         2349    i.TIM_ARRPreloadConfig  stm32f10x_tim.o
    0x08001dec   0x08001dec   0x00000006   Code   RO         2356    i.TIM_ClearITPendingBit  stm32f10x_tim.o
    0x08001df2   0x08001df2   0x00000018   Code   RO         2361    i.TIM_Cmd           stm32f10x_tim.o
    0x08001e0a   0x08001e0a   0x00000002   PAD
    0x08001e0c   0x08001e0c   0x000001e8   Code   RO         2366    i.TIM_DeInit        stm32f10x_tim.o
    0x08001ff4   0x08001ff4   0x00000022   Code   RO         2382    i.TIM_GetITStatus   stm32f10x_tim.o
    0x08002016   0x08002016   0x00000012   Code   RO         2386    i.TIM_ITConfig      stm32f10x_tim.o
    0x08002028   0x08002028   0x00000098   Code   RO         2390    i.TIM_OC1Init       stm32f10x_tim.o
    0x080020c0   0x080020c0   0x00000012   Code   RO         2393    i.TIM_OC1PreloadConfig  stm32f10x_tim.o
    0x080020d2   0x080020d2   0x00000002   PAD
    0x080020d4   0x080020d4   0x000000a4   Code   RO         2395    i.TIM_OC2Init       stm32f10x_tim.o
    0x08002178   0x08002178   0x0000001a   Code   RO         2398    i.TIM_OC2PreloadConfig  stm32f10x_tim.o
    0x08002192   0x08002192   0x00000002   PAD
    0x08002194   0x08002194   0x000000a0   Code   RO         2400    i.TIM_OC3Init       stm32f10x_tim.o
    0x08002234   0x08002234   0x00000012   Code   RO         2403    i.TIM_OC3PreloadConfig  stm32f10x_tim.o
    0x08002246   0x08002246   0x00000004   Code   RO         2422    i.TIM_SetCompare1   stm32f10x_tim.o
    0x0800224a   0x0800224a   0x00000004   Code   RO         2423    i.TIM_SetCompare2   stm32f10x_tim.o
    0x0800224e   0x0800224e   0x00000004   Code   RO         2424    i.TIM_SetCompare3   stm32f10x_tim.o
    0x08002252   0x08002252   0x00000002   PAD
    0x08002254   0x08002254   0x000000a4   Code   RO         2432    i.TIM_TimeBaseInit  stm32f10x_tim.o
    0x080022f8   0x080022f8   0x00000094   Code   RO         3175    i.USART1_IRQHandler  usart.o
    0x0800238c   0x0800238c   0x00000018   Code   RO         2897    i.USART_Cmd         stm32f10x_usart.o
    0x080023a4   0x080023a4   0x00000054   Code   RO         2901    i.USART_GetITStatus  stm32f10x_usart.o
    0x080023f8   0x080023f8   0x0000004a   Code   RO         2903    i.USART_ITConfig    stm32f10x_usart.o
    0x08002442   0x08002442   0x00000002   PAD
    0x08002444   0x08002444   0x000000d8   Code   RO         2904    i.USART_Init        stm32f10x_usart.o
    0x0800251c   0x0800251c   0x0000000a   Code   RO         2911    i.USART_ReceiveData  stm32f10x_usart.o
    0x08002526   0x08002526   0x00000004   Code   RO         3568    i.UsageFault_Handler  stm32f10x_it.o
    0x0800252a   0x0800252a   0x00000002   PAD
    0x0800252c   0x0800252c   0x00000020   Code   RO         3887    i.__0printf         mc_w.l(printfa.o)
    0x0800254c   0x0800254c   0x00000028   Code   RO         4024    i.__ARM_fpclassify  m_ws.l(fpclassify.o)
    0x08002574   0x08002574   0x000000aa   Code   RO         4026    i.__kernel_poly     m_ws.l(poly.o)
    0x0800261e   0x0800261e   0x00000006   Code   RO         3966    i.__mathlib_dbl_infnan  m_ws.l(dunder.o)
    0x08002624   0x08002624   0x00000004   Code   RO         3967    i.__mathlib_dbl_infnan2  m_ws.l(dunder.o)
    0x08002628   0x08002628   0x0000000c   Code   RO         3968    i.__mathlib_dbl_invalid  m_ws.l(dunder.o)
    0x08002634   0x08002634   0x00000010   Code   RO         3971    i.__mathlib_dbl_underflow  m_ws.l(dunder.o)
    0x08002644   0x08002644   0x0000000c   Code   RO         4007    i.__read_errno      mc_w.l(errno.o)
    0x08002650   0x08002650   0x0000000e   Code   RO         4047    i.__scatterload_copy  mc_w.l(handlers.o)
    0x0800265e   0x0800265e   0x00000002   Code   RO         4048    i.__scatterload_null  mc_w.l(handlers.o)
    0x08002660   0x08002660   0x0000000e   Code   RO         4049    i.__scatterload_zeroinit  mc_w.l(handlers.o)
    0x0800266e   0x0800266e   0x00000002   PAD
    0x08002670   0x08002670   0x0000000c   Code   RO         4008    i.__set_errno       mc_w.l(errno.o)
    0x0800267c   0x0800267c   0x00000016   Code   RO         3247    i._electricalAngle  foc_utils.o
    0x08002692   0x08002692   0x00000002   PAD
    0x08002694   0x08002694   0x00000184   Code   RO         3894    i._fp_digits        mc_w.l(printfa.o)
    0x08002818   0x08002818   0x0000000e   Code   RO         4034    i._is_digit         mc_w.l(scanf_fp.o)
    0x08002826   0x08002826   0x00000002   PAD
    0x08002828   0x08002828   0x00000054   Code   RO         3248    i._normalizeAngle   foc_utils.o
    0x0800287c   0x0800287c   0x000006b4   Code   RO         3895    i._printf_core      mc_w.l(printfa.o)
    0x08002f30   0x08002f30   0x00000024   Code   RO         3896    i._printf_post_padding  mc_w.l(printfa.o)
    0x08002f54   0x08002f54   0x0000002e   Code   RO         3897    i._printf_pre_padding  mc_w.l(printfa.o)
    0x08002f82   0x08002f82   0x00000002   PAD
    0x08002f84   0x08002f84   0x00000298   Code   RO         3249    i._sin              foc_utils.o
    0x0800321c   0x0800321c   0x00000020   Code   RO         3250    i._sqrtApprox       foc_utils.o
    0x0800323c   0x0800323c   0x00000340   Code   RO         3369    i.alignSensor       bldcmotor.o
    0x0800357c   0x0800357c   0x00000178   Code   RO         3370    i.angleOpenloop     bldcmotor.o
    0x080036f4   0x080036f4   0x00000220   Code   RO         3956    i.atan              m_ws.l(atan.o)
    0x08003914   0x08003914   0x0000019c   Code   RO         3632    i.atan2             m_ws.l(atan2.o)
    0x08003ab0   0x08003ab0   0x0000002a   Code   RO         3640    i.atof              m_ws.l(atof.o)
    0x08003ada   0x08003ada   0x00000002   PAD
    0x08003adc   0x08003adc   0x000000b8   Code   RO         3519    i.commander_run     main.o
    0x08003b94   0x08003b94   0x00000048   Code   RO         3148    i.delay_ms          delay.o
    0x08003bdc   0x08003bdc   0x00000048   Code   RO         3337    i.electricalAngle   focmotor.o
    0x08003c24   0x08003c24   0x00000094   Code   RO         3644    i.fmod              m_ws.l(fmod.o)
    0x08003cb8   0x08003cb8   0x0000001c   Code   RO         3177    i.fputc             usart.o
    0x08003cd4   0x08003cd4   0x000000fc   Code   RO         3474    i.getAngle          magneticsensor.o
    0x08003dd0   0x08003dd0   0x000000d0   Code   RO         3475    i.getVelocity       magneticsensor.o
    0x08003ea0   0x08003ea0   0x00000090   Code   RO         3371    i.loopFOC           bldcmotor.o
    0x08003f30   0x08003f30   0x00000100   Code   RO         3520    i.main              main.o
    0x08004030   0x08004030   0x000000f0   Code   RO         3372    i.move              bldcmotor.o
    0x08004120   0x08004120   0x0000042c   Code   RO         3373    i.setPhaseVoltage   bldcmotor.o
    0x0800454c   0x0800454c   0x00000030   Code   RO         3338    i.shaftAngle        focmotor.o
    0x0800457c   0x0800457c   0x00000024   Code   RO         3339    i.shaftVelocity     focmotor.o
    0x080045a0   0x080045a0   0x00000018   Code   RO         3150    i.systick_CountMode  delay.o
    0x080045b8   0x080045b8   0x000000a0   Code   RO         3178    i.uart_init         usart.o
    0x08004658   0x08004658   0x000000f8   Code   RO         3374    i.velocityOpenloop  bldcmotor.o
    0x08004750   0x08004750   0x00000320   Data   RO         3251    .constdata          foc_utils.o
    0x08004a70   0x08004a70   0x00000098   Data   RO         3957    .constdata          m_ws.l(atan.o)
    0x08004b08   0x08004b08   0x00000008   Data   RO         3979    .constdata          m_ws.l(qnan.o)
    0x08004b10   0x08004b10   0x00000040   Data   RO         4041    .constdata          mc_w.l(ctype_c.o)
    0x08004b50   0x08004b50   0x00000020   Data   RO         4045    Region$$Table       anon$$obj.o


    Execution Region RW_IRAM1 (Exec base: 0x20000000, Load base: 0x08004b70, Size: 0x000005c0, Max: 0x00005000, ABSOLUTE)

    Exec Addr    Load Addr    Size         Type   Attr      Idx    E Section Name        Object

    0x20000000   0x08004b70   0x00000014   Data   RW         1757    .data               stm32f10x_rcc.o
    0x20000014   0x08004b84   0x00000006   Data   RW         3180    .data               usart.o
    0x2000001a   0x08004b8a   0x00000002   PAD
    0x2000001c   0x08004b8c   0x00000034   Data   RW         3340    .data               focmotor.o
    0x20000050   0x08004bc0   0x0000001c   Data   RW         3375    .data               bldcmotor.o
    0x2000006c   0x08004bdc   0x0000002c   Data   RW         3431    .data               pid.o
    0x20000098   0x08004c08   0x00000004   Data   RW         3456    .data               lowpass_filter.o
    0x2000009c   0x08004c0c   0x00000014   Data   RW         3476    .data               magneticsensor.o
    0x200000b0   0x08004c20   0x00000004   Data   RW         3521    .data               main.o
    0x200000b4   0x08004c24   0x00000008   Data   RW         3569    .data               stm32f10x_it.o
    0x200000bc   0x08004c2c   0x00000004   Data   RW         4009    .data               mc_w.l(errno.o)
    0x200000c0        -       0x00000100   Zero   RW         3179    .bss                usart.o
    0x200001c0        -       0x00000400   Zero   RW          130    STACK               startup_stm32f10x_md.o


==============================================================================

Image component sizes


      Code (inc. data)   RO Data    RW Data    ZI Data      Debug   Object Name

      3112        608          0         28          0       6010   bldcmotor.o
         0          0          0          0          0       4556   core_cm3.o
        96          6          0          0          0        943   delay.o
       802         68        800          0          0       3807   foc_utils.o
       156         30          0         52          0       2584   focmotor.o
       124         14          0          0          0        556   iic.o
        96         22          0          4          0        776   lowpass_filter.o
       768         86          0         20          0       3683   magneticsensor.o
       548        146          0          4          0       1722   main.o
       112         12          0          0          0     204256   misc.o
       916        152          0         44          0       2596   pid.o
        36          8        236          0       1024        776   startup_stm32f10x_md.o
       430          6          0          0          0       3630   stm32f10x_gpio.o
       340         20          0          0          0       3833   stm32f10x_i2c.o
        82         12          0          8          0       4376   stm32f10x_it.o
       340         44          0         20          0       5264   stm32f10x_rcc.o
      1308        146          0          0          0       9675   stm32f10x_tim.o
       408          6          0          0          0       4710   stm32f10x_usart.o
       328         28          0          0          0      53105   system_stm32f10x.o
       276         10          0          0          0       1168   timer.o
       336         24          0          6        256       3600   usart.o

    ----------------------------------------------------------------------
     10640       1448       1068        188       1280     321626   Object Totals
         0          0         32          0          0          0   (incl. Generated)
        26          0          0          2          0          0   (incl. Padding)

    ----------------------------------------------------------------------

      Code (inc. data)   RO Data    RW Data    ZI Data      Debug   Library Member Name

       544         70        152          0          0        124   atan.o
       412         38          0          0          0        144   atan2.o
        42          0          0          0          0         84   atof.o
        38          6          0          0          0        272   dunder.o
       148          4          0          0          0         88   fmod.o
        40          0          0          0          0         68   fpclassify.o
       170          0          0          0          0         96   poly.o
         0          0          8          0          0          0   qnan.o
        64          0          0          0          0         84   _sgetc.o
        40          6         64          0          0         68   ctype_c.o
         0          0          0          0          0          0   entry.o
         0          0          0          0          0          0   entry10a.o
         0          0          0          0          0          0   entry11a.o
         4          0          0          0          0          0   entry12b.o
         8          4          0          0          0          0   entry2.o
         4          0          0          0          0          0   entry5.o
         0          0          0          0          0          0   entry7b.o
         0          0          0          0          0          0   entry8b.o
         8          4          0          0          0          0   entry9a.o
        24         12          0          4          0        136   errno.o
        30          0          0          0          0          0   handlers.o
        36          8          0          0          0         68   init.o
        10          0          0          0          0         68   isspace_c.o
         0          0          0          0          0          0   iusefp.o
        30          0          0          0          0         68   llshl.o
        36          0          0          0          0         68   llsshr.o
        32          0          0          0          0         68   llushr.o
      2218         90          0          0          0        464   printfa.o
       878         12          0          0          0        216   scanf_fp.o
       156         12          0          0          0        120   strtod.o
        44          0          0          0          0         80   uidiv.o
        98          0          0          0          0         92   uldiv.o
        48          0          0          0          0         68   cdcmple.o
        48          0          0          0          0         68   cdrcmple.o
        20          0          0          0          0         68   cfcmple.o
        20          0          0          0          0         68   cfrcmple.o
        56          0          0          0          0         88   d2f.o
       334          0          0          0          0        148   dadd.o
       222          0          0          0          0        100   ddiv.o
       186          0          0          0          0        176   depilogue.o
        62          0          0          0          0         80   dfixi.o
        50          0          0          0          0         76   dfixui.o
        48          0          0          0          0         68   dfixul.o
        34          0          0          0          0         76   dflti.o
        26          0          0          0          0         76   dfltui.o
        24          0          0          0          0         76   dfltul.o
       228          0          0          0          0         96   dmul.o
       134          0          0          0          0         96   drem.o
        46          0          0          0          0         80   dscalb.o
        38          0          0          0          0         68   f2d.o
       176          0          0          0          0        140   fadd.o
       124          0          0          0          0         88   fdiv.o
       110          0          0          0          0        168   fepilogue.o
        50          0          0          0          0         68   ffixi.o
        40          0          0          0          0         68   ffixui.o
        18          0          0          0          0         68   fflti.o
        10          0          0          0          0         68   ffltui.o
       100          0          0          0          0         76   fmul.o

    ----------------------------------------------------------------------
      7380        266        224          4          0       4796   Library Totals
        14          0          0          0          0          0   (incl. Padding)

    ----------------------------------------------------------------------

      Code (inc. data)   RO Data    RW Data    ZI Data      Debug   Library Name

      1394        118        160          0          0        876   m_ws.l
      3720        148         64          4          0       1600   mc_w.l
      2252          0          0          0          0       2320   mf_w.l

    ----------------------------------------------------------------------
      7380        266        224          4          0       4796   Library Totals

    ----------------------------------------------------------------------

==============================================================================


      Code (inc. data)   RO Data    RW Data    ZI Data      Debug   

     18020       1714       1292        192       1280     319814   Grand Totals
     18020       1714       1292        192       1280     319814   ELF Image Totals
     18020       1714       1292        192          0          0   ROM Totals

==============================================================================

    Total RO  Size (Code + RO Data)                19312 (  18.86kB)
    Total RW  Size (RW Data + ZI Data)              1472 (   1.44kB)
    Total ROM Size (Code + RO Data + RW Data)      19504 (  19.05kB)

==============================================================================

